Archive member included to satisfy reference by file (symbol)

libs/lbutton.a(button.o)      SerialRelay.co (button_init)
libs/lserial.a(serial.o)      SerialRelay.co (serial_init)
libs/lleds.a(leds.o)          SerialRelay.co (leds_init)
libs/ltimer.a(timer.o)        SerialRelay.co (timer_init)
contiki-avr-atmega128rfa1.a(contiki-main.o)
                              /usr/lib/gcc/avr/4.9.2/../../../avr/lib/avr51/crtatmega128rfa1.o (main)
contiki-avr-atmega128rfa1.a(params.o)
                              contiki-avr-atmega128rfa1.a(contiki-main.o) (params_get_channel)
contiki-avr-atmega128rfa1.a(clock.o)
                              contiki-avr-atmega128rfa1.a(contiki-main.o) (clock_init)
contiki-avr-atmega128rfa1.a(rs232.o)
                              contiki-avr-atmega128rfa1.a(contiki-main.o) (rs232_init)
contiki-avr-atmega128rfa1.a(watchdog.o)
                              contiki-avr-atmega128rfa1.a(contiki-main.o) (watchdog_init)
contiki-avr-atmega128rfa1.a(random.o)
                              contiki-avr-atmega128rfa1.a(contiki-main.o) (random_init)
contiki-avr-atmega128rfa1.a(rf230bb.o)
                              contiki-avr-atmega128rfa1.a(clock.o) (RF230_receive_on)
contiki-avr-atmega128rfa1.a(halbb.o)
                              contiki-avr-atmega128rfa1.a(rf230bb.o) (hal_init)
contiki-avr-atmega128rfa1.a(ctimer.o)
                              contiki-avr-atmega128rfa1.a(contiki-main.o) (ctimer_init)
contiki-avr-atmega128rfa1.a(autostart.o)
                              contiki-avr-atmega128rfa1.a(contiki-main.o) (autostart_start)
contiki-avr-atmega128rfa1.a(energest.o)
                              contiki-avr-atmega128rfa1.a(rf230bb.o) (energest_current_time)
contiki-avr-atmega128rfa1.a(etimer.o)
                              contiki-avr-atmega128rfa1.a(clock.o) (etimer_request_poll)
contiki-avr-atmega128rfa1.a(process.o)
                              contiki-avr-atmega128rfa1.a(ctimer.o) (process_current)
contiki-avr-atmega128rfa1.a(rtimer.o)
                              contiki-avr-atmega128rfa1.a(contiki-main.o) (rtimer_init)
contiki-avr-atmega128rfa1.a(timer.o)
                              contiki-avr-atmega128rfa1.a(etimer.o) (timer_set)
contiki-avr-atmega128rfa1.a(list.o)
                              contiki-avr-atmega128rfa1.a(ctimer.o) (list_init)
contiki-avr-atmega128rfa1.a(print-stats.o)
                              contiki-avr-atmega128rfa1.a(contiki-main.o) (print_stats)
contiki-avr-atmega128rfa1.a(uip-ds6.o)
                              contiki-avr-atmega128rfa1.a(contiki-main.o) (uip_ds6_if)
contiki-avr-atmega128rfa1.a(uip-ds6-route.o)
                              contiki-avr-atmega128rfa1.a(uip-ds6.o) (uip_ds6_route_init)
contiki-avr-atmega128rfa1.a(uip6.o)
                              contiki-avr-atmega128rfa1.a(contiki-main.o) (uip_lladdr)
contiki-avr-atmega128rfa1.a(uip-ds6-nbr.o)
                              contiki-avr-atmega128rfa1.a(contiki-main.o) (ds6_neighbors)
contiki-avr-atmega128rfa1.a(uip-nd6.o)
                              contiki-avr-atmega128rfa1.a(uip6.o) (uip_nd6_init)
contiki-avr-atmega128rfa1.a(sicslowpan.o)
                              contiki-avr-atmega128rfa1.a(contiki-main.o) (sicslowpan_driver)
contiki-avr-atmega128rfa1.a(uip-packetqueue)
                              contiki-avr-atmega128rfa1.a(uip-ds6-nbr.o) (uip_packetqueue_new)
contiki-avr-atmega128rfa1.a(uip-debug.o)
                              contiki-avr-atmega128rfa1.a(uip-ds6-route.o) (uip_debug_ipaddr_print)
contiki-avr-atmega128rfa1.a(tcpip.o)
                              contiki-avr-atmega128rfa1.a(sicslowpan.o) (tcpip_set_outputfunc)
contiki-avr-atmega128rfa1.a(uip-split.o)
                              contiki-avr-atmega128rfa1.a(tcpip.o) (uip_split_output)
contiki-avr-atmega128rfa1.a(rpl-dag.o)
                              contiki-avr-atmega128rfa1.a(tcpip.o) (rpl_repair_root)
contiki-avr-atmega128rfa1.a(rpl-timers.o)
                              contiki-avr-atmega128rfa1.a(rpl-dag.o) (rpl_reset_dio_timer)
contiki-avr-atmega128rfa1.a(rpl-ext-header.)
                              contiki-avr-atmega128rfa1.a(uip6.o) (rpl_verify_hbh_header)
contiki-avr-atmega128rfa1.a(rpl.o)
                              contiki-avr-atmega128rfa1.a(rpl-timers.o) (rpl_get_mode)
contiki-avr-atmega128rfa1.a(rpl-mrhof.o)
                              contiki-avr-atmega128rfa1.a(rpl-dag.o) (rpl_mrhof)
contiki-avr-atmega128rfa1.a(rpl-icmp6.o)
                              contiki-avr-atmega128rfa1.a(rpl-dag.o) (rpl_icmp6_update_nbr_table)
contiki-avr-atmega128rfa1.a(nullmac.o)
                              contiki-avr-atmega128rfa1.a(contiki-main.o) (nullmac_driver)
contiki-avr-atmega128rfa1.a(framer-802154.o)
                              contiki-avr-atmega128rfa1.a(sicslowpan.o) (framer_802154)
contiki-avr-atmega128rfa1.a(queuebuf.o)
                              contiki-avr-atmega128rfa1.a(contiki-main.o) (queuebuf_init)
contiki-avr-atmega128rfa1.a(nbr-table.o)
[...]
Memory Configuration

Name             Origin             Length             Attributes
text             0x0000000000000000 0x0000000000020000 xr
data             0x0000000000800100 0x000000000000ff00 rw !x
eeprom           0x0000000000810000 0x0000000000010000 rw !x
fuse             0x0000000000820000 0x0000000000000400 rw !x
lock             0x0000000000830000 0x0000000000000400 rw !x
signature        0x0000000000840000 0x0000000000000400 rw !x
user_signatures  0x0000000000850000 0x0000000000000400 rw !x
*default*        0x0000000000000000 0xffffffffffffffff

Linker script and memory map

Address of section .data set to 0x800200
LOAD /usr/lib/gcc/avr/4.9.2/../../../avr/lib/avr51/crtatmega128rfa1.o
Address of section .bootloader set to 0x1f800
LOAD SerialRelay.co
LOAD libs/lbutton.a
LOAD libs/lserial.a
LOAD libs/lleds.a
LOAD libs/ltimer.a
LOAD contiki-avr-atmega128rfa1.a
START GROUP
LOAD /usr/lib/gcc/avr/4.9.2/avr51/libgcc.a
LOAD /usr/lib/gcc/avr/4.9.2/../../../avr/lib/avr51/libm.a
LOAD /usr/lib/gcc/avr/4.9.2/../../../avr/lib/avr51/libc.a
LOAD /usr/lib/gcc/avr/4.9.2/../../../avr/lib/avr51/libatmega128rfa1.a
END GROUP

.hash
 *(.hash)

.dynsym
 *(.dynsym)

.dynstr
 *(.dynstr)

.gnu.version
 *(.gnu.version)

.gnu.version_d
 *(.gnu.version_d)

.gnu.version_r
 *(.gnu.version_r)

.rel.init
 *(.rel.init)

.rela.init
 *(.rela.init)

.rel.text
 *(.rel.text)
 *(.rel.text.*)
 *(.rel.gnu.linkonce.t*)

.rela.text
 *(.rela.text)
 *(.rela.text.*)
 *(.rela.gnu.linkonce.t*)

.rel.fini
 *(.rel.fini)

.rela.fini
 *(.rela.fini)

.rel.rodata
 *(.rel.rodata)
 *(.rel.rodata.*)
 *(.rel.gnu.linkonce.r*)

.rela.rodata
 *(.rela.rodata)
 *(.rela.rodata.*)
 *(.rela.gnu.linkonce.r*)

.rel.data
 *(.rel.data)
 *(.rel.data.*)
 *(.rel.gnu.linkonce.d*)

.rela.data
 *(.rela.data)
 *(.rela.data.*)
 *(.rela.gnu.linkonce.d*)

.rel.ctors
 *(.rel.ctors)

.rela.ctors
 *(.rela.ctors)

.rel.dtors
 *(.rel.dtors)

.rela.dtors
 *(.rela.dtors)

.rel.got
 *(.rel.got)

.rela.got
 *(.rela.got)

.rel.bss
 *(.rel.bss)

.rela.bss
 *(.rela.bss)

.rel.plt
 *(.rel.plt)

.rela.plt
 *(.rela.plt)

.text           0x0000000000000000     0xc314
 *(.vectors)
 .vectors       0x0000000000000000      0x120 /usr/lib/gcc/avr/4.9.2/../../../avr/lib/avr51/crtatmega128rfa1.o
                0x0000000000000000                __vectors
                0x0000000000000000                __vector_default
 *(.vectors)
 *(.progmem.gcc*)
 .progmem.gcc_sw_table.uip_process
                0x0000000000000120       0x10 contiki-avr-atmega128rfa1.a(uip6.o)
                0x0000000000000130                . = ALIGN (0x2)
                0x0000000000000130                __trampolines_start = .
 *(.trampolines)
 .trampolines   0x0000000000000130        0x0 linker stubs
 *(.trampolines*)
                0x0000000000000130                __trampolines_end = .
 *(.progmem*)
 .progmem.data.__c.5576
                0x0000000000000130        0x3 contiki-avr-atmega128rfa1.a(contiki-main.o)
 .progmem.data.__c.5574
                0x0000000000000133        0x2 contiki-avr-atmega128rfa1.a(contiki-main.o)
 .progmem.data.__c.5572
                0x0000000000000135        0x3 contiki-avr-atmega128rfa1.a(contiki-main.o)
 .progmem.data.__c.5626
                0x0000000000000138       0x1d contiki-avr-atmega128rfa1.a(contiki-main.o)
 .progmem.data.__c.5621
                0x0000000000000155        0xc contiki-avr-atmega128rfa1.a(contiki-main.o)
 .progmem.data.__c.5619
                0x0000000000000161        0x9 contiki-avr-atmega128rfa1.a(contiki-main.o)
 .progmem.data.__c.5614
                0x000000000000016a        0x8 contiki-avr-atmega128rfa1.a(contiki-main.o)
 .progmem.data.__c.5612
                0x0000000000000172        0xa contiki-avr-atmega128rfa1.a(contiki-main.o)
 .progmem.data.__c.5610
                0x000000000000017c       0x12 contiki-avr-atmega128rfa1.a(contiki-main.o)
 .progmem.data.__c.5607
                0x000000000000018e       0x12 contiki-avr-atmega128rfa1.a(contiki-main.o)
 .progmem.data.__c.5605
                0x00000000000001a0        0x9 contiki-avr-atmega128rfa1.a(contiki-main.o)
 .progmem.data.__c.5600
                0x00000000000001a9        0x2 contiki-avr-atmega128rfa1.a(contiki-main.o)
 .progmem.data.__c.5598
                0x00000000000001ab       0x15 contiki-avr-atmega128rfa1.a(contiki-main.o)
 .progmem.data.__c.5593
                0x00000000000001c0        0x2 contiki-avr-atmega128rfa1.a(contiki-main.o)
 .progmem.data.__c.5591
                0x00000000000001c2       0x15 contiki-avr-atmega128rfa1.a(contiki-main.o)
 .progmem.data.__c.5564
                0x00000000000001d7        0x8 contiki-avr-atmega128rfa1.a(contiki-main.o)
 .progmem.data.__c.5562
                0x00000000000001df       0x11 contiki-avr-atmega128rfa1.a(contiki-main.o)
 .progmem.data.__c.5560
                0x00000000000001f0        0xd contiki-avr-atmega128rfa1.a(contiki-main.o)
 .progmem.data.__c.5558
                0x00000000000001fd       0x32 contiki-avr-atmega128rfa1.a(contiki-main.o)
 .progmem.data.__c.5556
                0x000000000000022f       0x25 contiki-avr-atmega128rfa1.a(contiki-main.o)
 .progmem.data.__c.5554
                0x0000000000000254       0x20 contiki-avr-atmega128rfa1.a(contiki-main.o)
 .progmem.data.__c.5551
                0x0000000000000274       0x1b contiki-avr-atmega128rfa1.a(contiki-main.o)
 .progmem.data.__c.5377
                0x000000000000028f       0x2d contiki-avr-atmega128rfa1.a(params.o)
 .progmem.data.default_domain_name
                0x00000000000002bc        0xa contiki-avr-atmega128rfa1.a(params.o)
                0x00000000000002bc                default_domain_name
 .progmem.data.default_server_name
                0x00000000000002c6        0xe contiki-avr-atmega128rfa1.a(params.o)
                0x00000000000002c6                default_server_name
 .progmem.data.default_mac_address
                0x00000000000002d4        0x8 contiki-avr-atmega128rfa1.a(params.o)
                0x00000000000002d4                default_mac_address
 .progmem.data.__c.4446
                0x00000000000002dc       0x6f contiki-avr-atmega128rfa1.a(print-stats.o)
 .progmem.data.__c.3412
                0x000000000000034b        0x3 contiki-avr-atmega128rfa1.a(uip-debug.o)
 .progmem.data.__c.3410
                0x000000000000034e        0x2 contiki-avr-atmega128rfa1.a(uip-debug.o)
 .progmem.data.__c.3408
                0x0000000000000350        0x3 contiki-avr-atmega128rfa1.a(uip-debug.o)
 .progmem.data.__c.3406
                0x0000000000000353       0x13 contiki-avr-atmega128rfa1.a(uip-debug.o)
 .progmem.data.__c.3404
                0x0000000000000366        0xf contiki-avr-atmega128rfa1.a(uip-debug.o)
                0x0000000000000376                . = ALIGN (0x2)
 *fill*         0x0000000000000375        0x1 
 *(.jumptables)
 *(.jumptables*)
 *(.lowtext)
 *(.lowtext*)
                0x0000000000000376                __ctors_start = .
 *(.ctors)
                0x0000000000000376                __ctors_end = .
                0x0000000000000376                __dtors_start = .
 *(.dtors)
                0x0000000000000376                __dtors_end = .
 SORT(*)(.ctors)
 SORT(*)(.dtors)
 *(.init0)
 .init0         0x0000000000000376        0x0 /usr/lib/gcc/avr/4.9.2/../../../avr/lib/avr51/crtatmega128rfa1.o
                0x0000000000000376                __init
 *(.init0)
 *(.init1)
 *(.init1)
 *(.init2)
 .init2         0x0000000000000376        0xc /usr/lib/gcc/avr/4.9.2/../../../avr/lib/avr51/crtatmega128rfa1.o
 *(.init2)
 *(.init3)
 *(.init3)
 *(.init4)
 .init4         0x0000000000000382       0x1a /usr/lib/gcc/avr/4.9.2/avr51/libgcc.a(_copy_data.o)
                0x0000000000000382                __do_copy_data
 .init4         0x000000000000039c       0x10 /usr/lib/gcc/avr/4.9.2/avr51/libgcc.a(_clear_bss.o)
                0x000000000000039c                __do_clear_bss
 *(.init4)
 *(.init5)
 *(.init5)
 *(.init6)
 *(.init6)
 *(.init7)
 *(.init7)
 *(.init8)
 *(.init8)
 *(.init9)
 .init9         0x00000000000003ac        0x8 /usr/lib/gcc/avr/4.9.2/../../../avr/lib/avr51/crtatmega128rfa1.o
 *(.init9)
 *(.text)
 .text          0x00000000000003b4        0x4 /usr/lib/gcc/avr/4.9.2/../../../avr/lib/avr51/crtatmega128rfa1.o
                0x00000000000003b4                __vector_38
                0x00000000000003b4                __vector_22
                0x00000000000003b4                __vector_28
                0x00000000000003b4                __vector_67
                0x00000000000003b4                __vector_1
                0x00000000000003b4                __vector_71
                0x00000000000003b4                __vector_34
                0x00000000000003b4                __vector_24
                0x00000000000003b4                __vector_12
                0x00000000000003b4                __vector_55
                0x00000000000003b4                __vector_69
                0x00000000000003b4                __vector_46
                0x00000000000003b4                __bad_interrupt
                0x00000000000003b4                __vector_6
                0x00000000000003b4                __vector_31
                0x00000000000003b4                __vector_35
                0x00000000000003b4                __vector_39
                0x00000000000003b4                __vector_3
                0x00000000000003b4                __vector_23
                0x00000000000003b4                __vector_68
                0x00000000000003b4                __vector_30
                0x00000000000003b4                __vector_45
                0x00000000000003b4                __vector_11
                0x00000000000003b4                __vector_54
                0x00000000000003b4                __vector_17
                0x00000000000003b4                __vector_19
                0x00000000000003b4                __vector_56
                0x00000000000003b4                __vector_7
                0x00000000000003b4                __vector_49
                0x00000000000003b4                __vector_41
                0x00000000000003b4                __vector_43
                0x00000000000003b4                __vector_27
                0x00000000000003b4                __vector_5
                0x00000000000003b4                __vector_33
                0x00000000000003b4                __vector_47
                0x00000000000003b4                __vector_52
                0x00000000000003b4                __vector_37
                0x00000000000003b4                __vector_4
                0x00000000000003b4                __vector_44
                0x00000000000003b4                __vector_51
                0x00000000000003b4                __vector_9
                0x00000000000003b4                __vector_2
                0x00000000000003b4                __vector_15
                0x00000000000003b4                __vector_66
                0x00000000000003b4                __vector_70
                0x00000000000003b4                __vector_29
                0x00000000000003b4                __vector_40
                0x00000000000003b4                __vector_8
                0x00000000000003b4                __vector_26
                0x00000000000003b4                __vector_48
                0x00000000000003b4                __vector_14
                0x00000000000003b4                __vector_53
                0x00000000000003b4                __vector_10
                0x00000000000003b4                __vector_50
                0x00000000000003b4                __vector_16
                0x00000000000003b4                __vector_18
                0x00000000000003b4                __vector_20
                0x00000000000003b4                __vector_42
                0x00000000000003b4                __vector_65
 .text          0x00000000000003b8       0x1e libs/lbutton.a(button.o)
                0x00000000000003b8                button_init
                0x00000000000003be                button_pressed
                0x00000000000003cc                button_released
 .text          0x00000000000003d6      0x182 libs/lserial.a(serial.o)
                0x00000000000003d6                serial_init
                0x00000000000004a8                serial_put
                0x00000000000004cc                serial_puts
                0x00000000000004ec                serial_ready
                0x000000000000050a                serial_get
                0x0000000000000532                serial_break
 .text          0x0000000000000558       0x3e libs/lleds.a(leds.o)
                0x0000000000000558                leds_init
                0x0000000000000566                leds_on
                0x000000000000057e                leds_off
 .text          0x0000000000000596       0xf4 libs/ltimer.a(timer.o)
                0x0000000000000596                timer_init
                0x00000000000005b2                timer_start
                0x00000000000005ca                timer_overflow
                0x00000000000005da                timer_now
                0x00000000000005e4                timer_now_us
                0x00000000000005fc                timer_wait_micro
                0x0000000000000666                timer_wait_milli
                0x000000000000068a                . = ALIGN (0x2)
 *(.text.*)
 .text.process_thread_example_process
                0x000000000000068a      0x10a SerialRelay.co
 .text.ipaddr_add
                0x0000000000000794       0xc8 contiki-avr-atmega128rfa1.a(contiki-main.o)
 .text.rng_get_uint8
                0x000000000000085c       0x2c contiki-avr-atmega128rfa1.a(contiki-main.o)
                0x000000000000085c                rng_get_uint8
 .text.initialize
                0x0000000000000888      0x22c contiki-avr-atmega128rfa1.a(contiki-main.o)
                0x0000000000000888                initialize
 .text.startup.main
                0x0000000000000ab4      0x278 contiki-avr-atmega128rfa1.a(contiki-main.o)
                0x0000000000000ab4                main
 .text.params_get_channel
                0x0000000000000d2c      0x120 contiki-avr-atmega128rfa1.a(params.o)
                0x0000000000000d2c                params_get_channel
 .text.params_get_eui64
                0x0000000000000e4c       0x14 contiki-avr-atmega128rfa1.a(params.o)
                0x0000000000000e4c                params_get_eui64
 .text.params_get_panid
                0x0000000000000e60        0x8 contiki-avr-atmega128rfa1.a(params.o)
                0x0000000000000e60                params_get_panid
 .text.params_get_panaddr
                0x0000000000000e68        0x8 contiki-avr-atmega128rfa1.a(params.o)
                0x0000000000000e68                params_get_panaddr
 .text.params_get_txpower
                0x0000000000000e70        0x8 contiki-avr-atmega128rfa1.a(params.o)
                0x0000000000000e70                params_get_txpower
 .text.clock_init
                0x0000000000000e78       0x20 contiki-avr-atmega128rfa1.a(clock.o)
                0x0000000000000e78                clock_init
 .text.clock_time
                0x0000000000000e98       0x34 contiki-avr-atmega128rfa1.a(clock.o)
                0x0000000000000e98                clock_time
 .text.clock_seconds
                0x0000000000000ecc       0x34 contiki-avr-atmega128rfa1.a(clock.o)
                0x0000000000000ecc                clock_seconds
 .text.__vector_21
                0x0000000000000f00      0x104 contiki-avr-atmega128rfa1.a(clock.o)
                0x0000000000000f00                __vector_21
 .text.__vector_25
                0x0000000000001004       0x5e contiki-avr-atmega128rfa1.a(rs232.o)
                0x0000000000001004                __vector_25
 .text.__vector_36
                0x0000000000001062       0x5e contiki-avr-atmega128rfa1.a(rs232.o)
                0x0000000000001062                __vector_36
 .text.rs232_init
                0x00000000000010c0       0x40 contiki-avr-atmega128rfa1.a(rs232.o)
                0x00000000000010c0                rs232_init
 .text.rs232_send
                0x0000000000001100       0x24 contiki-avr-atmega128rfa1.a(rs232.o)
                0x0000000000001100                rs232_send
 .text.rs232_stdout_putchar
                0x0000000000001124       0x2a contiki-avr-atmega128rfa1.a(rs232.o)
                0x0000000000001124                rs232_stdout_putchar
 .text.rs232_redirect_stdout
                0x000000000000114e       0x12 contiki-avr-atmega128rfa1.a(rs232.o)
                0x000000000000114e                rs232_redirect_stdout
 .text.watchdog_init
                0x0000000000001160       0x1e contiki-avr-atmega128rfa1.a(watchdog.o)
                0x0000000000001160                watchdog_init
 .text.watchdog_start
                0x000000000000117e       0x16 contiki-avr-atmega128rfa1.a(watchdog.o)
                0x000000000000117e                watchdog_start
 .text.watchdog_periodic
                0x0000000000001194        0x4 contiki-avr-atmega128rfa1.a(watchdog.o)
                0x0000000000001194                watchdog_periodic
 .text.watchdog_stop
                0x0000000000001198       0x18 contiki-avr-atmega128rfa1.a(watchdog.o)
                0x0000000000001198                watchdog_stop
 .text.random_init
                0x00000000000011b0        0x4 contiki-avr-atmega128rfa1.a(random.o)
                0x00000000000011b0                random_init
 .text.random_rand
                0x00000000000011b4        0x4 contiki-avr-atmega128rfa1.a(random.o)
                0x00000000000011b4                random_rand
 .text.get_value
                0x00000000000011b8        0x6 contiki-avr-atmega128rfa1.a(rf230bb.o)
 .text.set_value
                0x00000000000011be        0x6 contiki-avr-atmega128rfa1.a(rf230bb.o)
 .text.get_object
                0x00000000000011c4        0x6 contiki-avr-atmega128rfa1.a(rf230bb.o)
 .text.set_object
                0x00000000000011ca        0x6 contiki-avr-atmega128rfa1.a(rf230bb.o)
 .text.rf230_pending_packet
                0x00000000000011d0        0x8 contiki-avr-atmega128rfa1.a(rf230bb.o)
 .text.radio_reset_state_machine
                0x00000000000011d8       0x32 contiki-avr-atmega128rfa1.a(rf230bb.o)
 .text.set_txpower
                0x000000000000120a       0x1e contiki-avr-atmega128rfa1.a(rf230bb.o)
 .text.rf230_isidle
                0x0000000000001228       0x28 contiki-avr-atmega128rfa1.a(rf230bb.o)
 .text.rf230_waitidle
                0x0000000000001250       0x12 contiki-avr-atmega128rfa1.a(rf230bb.o)
 .text.rf230_receiving_packet
                0x0000000000001262       0x2a contiki-avr-atmega128rfa1.a(rf230bb.o)
 .text.radio_off
                0x000000000000128c      0x124 contiki-avr-atmega128rfa1.a(rf230bb.o)
 .text.rf230_off
                0x00000000000013b0       0x16 contiki-avr-atmega128rfa1.a(rf230bb.o)
 .text.rf230_prepare
                0x00000000000013c6       0x32 contiki-avr-atmega128rfa1.a(rf230bb.o)
 .text.radio_get_trx_state
                0x00000000000013f8        0xc contiki-avr-atmega128rfa1.a(rf230bb.o)
                0x00000000000013f8                radio_get_trx_state
 .text.radio_set_trx_state
                0x0000000000001404       0xc2 contiki-avr-atmega128rfa1.a(rf230bb.o)
 .text.radio_on
                0x00000000000014c6       0x68 contiki-avr-atmega128rfa1.a(rf230bb.o)
 .text.rf230_on
                0x000000000000152e       0x12 contiki-avr-atmega128rfa1.a(rf230bb.o)
 .text.rf230_cca
                0x0000000000001540      0x126 contiki-avr-atmega128rfa1.a(rf230bb.o)
 .text.rf230_warm_reset
                0x0000000000001666       0x3e contiki-avr-atmega128rfa1.a(rf230bb.o)
                0x0000000000001666                rf230_warm_reset
 .text.rf230_init
                0x00000000000016a4       0x7c contiki-avr-atmega128rfa1.a(rf230bb.o)
                0x00000000000016a4                rf230_init
 .text.rf230_get_channel
                0x0000000000001720        0x6 contiki-avr-atmega128rfa1.a(rf230bb.o)
                0x0000000000001720                rf230_get_channel
 .text.rf230_set_channel
                0x0000000000001726       0x2a contiki-avr-atmega128rfa1.a(rf230bb.o)
                0x0000000000001726                rf230_set_channel
 .text.rf230_set_pan_addr
                0x0000000000001750       0x48 contiki-avr-atmega128rfa1.a(rf230bb.o)
                0x0000000000001750                rf230_set_pan_addr
 .text.rf230_interrupt
                0x0000000000001798       0x26 contiki-avr-atmega128rfa1.a(rf230bb.o)
                0x0000000000001798                rf230_interrupt
 .text.flushrx  0x00000000000017be       0x40 contiki-avr-atmega128rfa1.a(rf230bb.o)
 .text.rf230_read
                0x00000000000017fe       0x96 contiki-avr-atmega128rfa1.a(rf230bb.o)
 .text.process_thread_rf230_process
                0x0000000000001894      0x154 contiki-avr-atmega128rfa1.a(rf230bb.o)
 .text.rf230_set_txpower
                0x00000000000019e8        0x4 contiki-avr-atmega128rfa1.a(rf230bb.o)
                0x00000000000019e8                rf230_set_txpower
 .text.rf230_get_txpower
                0x00000000000019ec       0x18 contiki-avr-atmega128rfa1.a(rf230bb.o)
                0x00000000000019ec                rf230_get_txpower
 .text.rf230_transmit
                0x0000000000001a04      0x24e contiki-avr-atmega128rfa1.a(rf230bb.o)
 .text.rf230_send
                0x0000000000001c52       0x32 contiki-avr-atmega128rfa1.a(rf230bb.o)
 .text.hal_init
                0x0000000000001c84        0x2 contiki-avr-atmega128rfa1.a(halbb.o)
                0x0000000000001c84                hal_init
 .text.hal_subregister_read
                0x0000000000001c86       0x16 contiki-avr-atmega128rfa1.a(halbb.o)
                0x0000000000001c86                hal_subregister_read
 .text.hal_subregister_write
                0x0000000000001c9c       0x3a contiki-avr-atmega128rfa1.a(halbb.o)
                0x0000000000001c9c                hal_subregister_write
 .text.hal_frame_read
                0x0000000000001cd6       0x54 contiki-avr-atmega128rfa1.a(halbb.o)
                0x0000000000001cd6                hal_frame_read
 .text.hal_frame_write
                0x0000000000001d2a       0x1a contiki-avr-atmega128rfa1.a(halbb.o)
                0x0000000000001d2a                hal_frame_write
 .text.__vector_60
                0x0000000000001d44       0x80 contiki-avr-atmega128rfa1.a(halbb.o)
                0x0000000000001d44                __vector_60
 .text.__vector_59
                0x0000000000001dc4       0x14 contiki-avr-atmega128rfa1.a(halbb.o)
                0x0000000000001dc4                __vector_59
 .text.__vector_57
                0x0000000000001dd8       0x14 contiki-avr-atmega128rfa1.a(halbb.o)
                0x0000000000001dd8                __vector_57
 .text.__vector_58
                0x0000000000001dec       0x14 contiki-avr-atmega128rfa1.a(halbb.o)
                0x0000000000001dec                __vector_58
 .text.__vector_64
                0x0000000000001e00       0x18 contiki-avr-atmega128rfa1.a(halbb.o)
                0x0000000000001e00                __vector_64
 .text.__vector_63
                0x0000000000001e18       0x18 contiki-avr-atmega128rfa1.a(halbb.o)
                0x0000000000001e18                __vector_63
 .text.__vector_62
                0x0000000000001e30       0x14 contiki-avr-atmega128rfa1.a(halbb.o)
                0x0000000000001e30                __vector_62
 .text.__vector_61
                0x0000000000001e44       0x18 contiki-avr-atmega128rfa1.a(halbb.o)
                0x0000000000001e44                __vector_61
 .text.process_thread_ctimer_process
                0x0000000000001e5c       0xcc contiki-avr-atmega128rfa1.a(ctimer.o)
 .text.ctimer_init
                0x0000000000001f28       0x18 contiki-avr-atmega128rfa1.a(ctimer.o)
                0x0000000000001f28                ctimer_init
 .text.ctimer_set_with_process
                0x0000000000001f40       0x66 contiki-avr-atmega128rfa1.a(ctimer.o)
                0x0000000000001f40                ctimer_set_with_process
 .text.ctimer_set
                0x0000000000001fa6       0x1e contiki-avr-atmega128rfa1.a(ctimer.o)
                0x0000000000001fa6                ctimer_set
 .text.ctimer_reset
                0x0000000000001fc4       0x48 contiki-avr-atmega128rfa1.a(ctimer.o)
                0x0000000000001fc4                ctimer_reset
 .text.ctimer_restart
                0x000000000000200c       0x48 contiki-avr-atmega128rfa1.a(ctimer.o)
                0x000000000000200c                ctimer_restart
 .text.ctimer_stop
                0x0000000000002054       0x2e contiki-avr-atmega128rfa1.a(ctimer.o)
                0x0000000000002054                ctimer_stop
 .text.autostart_start
                0x0000000000002082       0x1e contiki-avr-atmega128rfa1.a(autostart.o)
                0x0000000000002082                autostart_start
 .text.update_time
                0x00000000000020a0       0xba contiki-avr-atmega128rfa1.a(etimer.o)
 .text.etimer_request_poll
                0x000000000000215a        0x8 contiki-avr-atmega128rfa1.a(etimer.o)
                0x000000000000215a                etimer_request_poll
 .text.process_thread_etimer_process
                0x0000000000002162      0x106 contiki-avr-atmega128rfa1.a(etimer.o)
 .text.add_timer
                0x0000000000002268       0x5e contiki-avr-atmega128rfa1.a(etimer.o)
 .text.etimer_set
                0x00000000000022c6       0x14 contiki-avr-atmega128rfa1.a(etimer.o)
                0x00000000000022c6                etimer_set
 .text.etimer_reset
                0x00000000000022da       0x14 contiki-avr-atmega128rfa1.a(etimer.o)
                0x00000000000022da                etimer_reset
 .text.etimer_restart
                0x00000000000022ee       0x14 contiki-avr-atmega128rfa1.a(etimer.o)
                0x00000000000022ee                etimer_restart
 .text.etimer_expired
                0x0000000000002302       0x16 contiki-avr-atmega128rfa1.a(etimer.o)
                0x0000000000002302                etimer_expired
 .text.etimer_expiration_time
                0x0000000000002318       0x2c contiki-avr-atmega128rfa1.a(etimer.o)
                0x0000000000002318                etimer_expiration_time
 .text.etimer_pending
                0x0000000000002344       0x16 contiki-avr-atmega128rfa1.a(etimer.o)
                0x0000000000002344                etimer_pending
 .text.etimer_stop
                0x000000000000235a       0x4e contiki-avr-atmega128rfa1.a(etimer.o)
                0x000000000000235a                etimer_stop
 .text.call_process.part.0
                0x00000000000023a8       0x54 contiki-avr-atmega128rfa1.a(process.o)
 .text.call_process
                0x00000000000023fc        0xc contiki-avr-atmega128rfa1.a(process.o)
 .text.exit_process
                0x0000000000002408       0xd6 contiki-avr-atmega128rfa1.a(process.o)
 .text.do_poll  0x00000000000024de       0x3e contiki-avr-atmega128rfa1.a(process.o)
 .text.process_alloc_event
                0x000000000000251c        0xe contiki-avr-atmega128rfa1.a(process.o)
                0x000000000000251c                process_alloc_event
 .text.process_init
                0x000000000000252a       0x20 contiki-avr-atmega128rfa1.a(process.o)
                0x000000000000252a                process_init
 .text.process_run
                0x000000000000254a       0xa8 contiki-avr-atmega128rfa1.a(process.o)
                0x000000000000254a                process_run
 .text.process_post
                0x00000000000025f2       0x3a contiki-avr-atmega128rfa1.a(process.o)
                0x00000000000025f2                process_post
 .text.process_post_synch
                0x000000000000262c       0x1e contiki-avr-atmega128rfa1.a(process.o)
                0x000000000000262c                process_post_synch
 .text.process_start
                0x000000000000264a       0x42 contiki-avr-atmega128rfa1.a(process.o)
                0x000000000000264a                process_start
 .text.process_poll
                0x000000000000268c       0x18 contiki-avr-atmega128rfa1.a(process.o)
                0x000000000000268c                process_poll
 .text.rtimer_init
                0x00000000000026a4        0x4 contiki-avr-atmega128rfa1.a(rtimer.o)
                0x00000000000026a4                rtimer_init
 .text.rtimer_run_next
                0x00000000000026a8       0x3e contiki-avr-atmega128rfa1.a(rtimer.o)
                0x00000000000026a8                rtimer_run_next
 .text.timer_set
                0x00000000000026e6       0x20 contiki-avr-atmega128rfa1.a(timer.o)
                0x00000000000026e6                timer_set
 .text.timer_reset
                0x0000000000002706       0x24 contiki-avr-atmega128rfa1.a(timer.o)
                0x0000000000002706                timer_reset
 .text.timer_restart
                0x000000000000272a       0x18 contiki-avr-atmega128rfa1.a(timer.o)
                0x000000000000272a                timer_restart
 .text.timer_expired
                0x0000000000002742       0x56 contiki-avr-atmega128rfa1.a(timer.o)
                0x0000000000002742                timer_expired
 .text.list_init
                0x0000000000002798        0x8 contiki-avr-atmega128rfa1.a(list.o)
                0x0000000000002798                list_init
 .text.list_head
                0x00000000000027a0        0x8 contiki-avr-atmega128rfa1.a(list.o)
                0x00000000000027a0                list_head
 .text.list_tail
                0x00000000000027a8       0x20 contiki-avr-atmega128rfa1.a(list.o)
                0x00000000000027a8                list_tail
 .text.list_remove
                0x00000000000027c8       0x3e contiki-avr-atmega128rfa1.a(list.o)
                0x00000000000027c8                list_remove
 .text.list_add
                0x0000000000002806       0x32 contiki-avr-atmega128rfa1.a(list.o)
                0x0000000000002806                list_add
 .text.list_push
                0x0000000000002838       0x28 contiki-avr-atmega128rfa1.a(list.o)
                0x0000000000002838                list_push
 .text.list_length
                0x0000000000002860       0x1a contiki-avr-atmega128rfa1.a(list.o)
                0x0000000000002860                list_length
 .text.list_item_next
                0x000000000000287a       0x12 contiki-avr-atmega128rfa1.a(list.o)
                0x000000000000287a                list_item_next
 .text.print_stats
                0x000000000000288c      0x19c contiki-avr-atmega128rfa1.a(print-stats.o)
                0x000000000000288c                print_stats
 .text.uip_ds6_list_loop
                0x0000000000002a28       0x96 contiki-avr-atmega128rfa1.a(uip-ds6.o)
                0x0000000000002a28                uip_ds6_list_loop
 .text.uip_ds6_prefix_add
                0x0000000000002abe       0xb6 contiki-avr-atmega128rfa1.a(uip-ds6.o)
                0x0000000000002abe                uip_ds6_prefix_add
 .text.uip_ds6_is_addr_onlink
                0x0000000000002b74       0x60 contiki-avr-atmega128rfa1.a(uip-ds6.o)
                0x0000000000002b74                uip_ds6_is_addr_onlink
 .text.uip_ds6_addr_lookup
                0x0000000000002bd4       0x3a contiki-avr-atmega128rfa1.a(uip-ds6.o)
                0x0000000000002bd4                uip_ds6_addr_lookup
 .text.uip_ds6_get_link_local
                0x0000000000002c0e       0x58 contiki-avr-atmega128rfa1.a(uip-ds6.o)
                0x0000000000002c0e                uip_ds6_get_link_local
 .text.uip_ds6_maddr_add
                0x0000000000002c66       0x64 contiki-avr-atmega128rfa1.a(uip-ds6.o)
                0x0000000000002c66                uip_ds6_maddr_add
 .text.uip_ds6_addr_add
                0x0000000000002cca      0x104 contiki-avr-atmega128rfa1.a(uip-ds6.o)
                0x0000000000002cca                uip_ds6_addr_add
 .text.uip_ds6_maddr_rm
                0x0000000000002dce        0xa contiki-avr-atmega128rfa1.a(uip-ds6.o)
                0x0000000000002dce                uip_ds6_maddr_rm
 .text.uip_ds6_maddr_lookup
                0x0000000000002dd8       0x3a contiki-avr-atmega128rfa1.a(uip-ds6.o)
                0x0000000000002dd8                uip_ds6_maddr_lookup
 .text.uip_ds6_addr_rm
                0x0000000000002e12       0x76 contiki-avr-atmega128rfa1.a(uip-ds6.o)
                0x0000000000002e12                uip_ds6_addr_rm
 .text.uip_ds6_periodic
                0x0000000000002e88       0x58 contiki-avr-atmega128rfa1.a(uip-ds6.o)
                0x0000000000002e88                uip_ds6_periodic
 .text.uip_ds6_set_addr_iid
                0x0000000000002ee0       0x1c contiki-avr-atmega128rfa1.a(uip-ds6.o)
                0x0000000000002ee0                uip_ds6_set_addr_iid
 .text.get_match_length
                0x0000000000002efc       0x32 contiki-avr-atmega128rfa1.a(uip-ds6.o)
                0x0000000000002efc                get_match_length
 .text.uip_ds6_select_src
                0x0000000000002f2e       0xda contiki-avr-atmega128rfa1.a(uip-ds6.o)
                0x0000000000002f2e                uip_ds6_select_src
 .text.uip_ds6_compute_reachable_time
                0x0000000000003008       0x58 contiki-avr-atmega128rfa1.a(uip-ds6.o)
                0x0000000000003008                uip_ds6_compute_reachable_time
 .text.uip_ds6_init
                0x0000000000003060      0x150 contiki-avr-atmega128rfa1.a(uip-ds6.o)
                0x0000000000003060                uip_ds6_init
 .text.call_route_callback
                0x00000000000031b0       0x64 contiki-avr-atmega128rfa1.a(uip-ds6-route.o)
 .text.uip_ds6_route_init
                0x0000000000003214       0x38 contiki-avr-atmega128rfa1.a(uip-ds6-route.o)
                0x0000000000003214                uip_ds6_route_init
 .text.uip_ds6_route_nexthop
                0x000000000000324c       0x20 contiki-avr-atmega128rfa1.a(uip-ds6-route.o)
                0x000000000000324c                uip_ds6_route_nexthop
 .text.uip_ds6_route_head
                0x000000000000326c        0x8 contiki-avr-atmega128rfa1.a(uip-ds6-route.o)
                0x000000000000326c                uip_ds6_route_head
 .text.uip_ds6_route_next
                0x0000000000003274        0xe contiki-avr-atmega128rfa1.a(uip-ds6-route.o)
                0x0000000000003274                uip_ds6_route_next
 .text.uip_ds6_route_is_nexthop
                0x0000000000003282       0x2c contiki-avr-atmega128rfa1.a(uip-ds6-route.o)
                0x0000000000003282                uip_ds6_route_is_nexthop
 .text.uip_ds6_route_lookup
                0x00000000000032ae       0x94 contiki-avr-atmega128rfa1.a(uip-ds6-route.o)
                0x00000000000032ae                uip_ds6_route_lookup
 .text.uip_ds6_route_rm
                0x0000000000003342       0xd4 contiki-avr-atmega128rfa1.a(uip-ds6-route.o)
                0x0000000000003342                uip_ds6_route_rm
 .text.rm_routelist
                0x0000000000003416       0x44 contiki-avr-atmega128rfa1.a(uip-ds6-route.o)
 .text.rm_routelist_callback
                0x000000000000345a        0x4 contiki-avr-atmega128rfa1.a(uip-ds6-route.o)
 .text.uip_ds6_route_add
                0x000000000000345e      0x158 contiki-avr-atmega128rfa1.a(uip-ds6-route.o)
                0x000000000000345e                uip_ds6_route_add
 .text.uip_ds6_defrt_rm
                0x00000000000035b6       0x5c contiki-avr-atmega128rfa1.a(uip-ds6-route.o)
                0x00000000000035b6                uip_ds6_defrt_rm
 .text.uip_ds6_defrt_lookup
                0x0000000000003612       0x44 contiki-avr-atmega128rfa1.a(uip-ds6-route.o)
                0x0000000000003612                uip_ds6_defrt_lookup
 .text.uip_ds6_defrt_add
                0x0000000000003656       0x8c contiki-avr-atmega128rfa1.a(uip-ds6-route.o)
                0x0000000000003656                uip_ds6_defrt_add
 .text.uip_ds6_defrt_choose
                0x00000000000036e2       0x48 contiki-avr-atmega128rfa1.a(uip-ds6-route.o)
                0x00000000000036e2                uip_ds6_defrt_choose
 .text.uip_ds6_defrt_periodic
                0x000000000000372a       0x3a contiki-avr-atmega128rfa1.a(uip-ds6-route.o)
                0x000000000000372a                uip_ds6_defrt_periodic
 .text.chksum   0x0000000000003764       0x4a contiki-avr-atmega128rfa1.a(uip6.o)
 .text.upper_layer_chksum
                0x00000000000037ae       0x72 contiki-avr-atmega128rfa1.a(uip6.o)
 .text.ext_hdr_options_process
                0x0000000000003820       0xdc contiki-avr-atmega128rfa1.a(uip6.o)
 .text.uip_add32
                0x00000000000038fc       0x6c contiki-avr-atmega128rfa1.a(uip6.o)
                0x00000000000038fc                uip_add32
 .text.unlikely.uip_add_rcv_nxt
                0x0000000000003968       0x3a contiki-avr-atmega128rfa1.a(uip6.o)
 .text.uip_icmp6chksum
                0x00000000000039a2        0x6 contiki-avr-atmega128rfa1.a(uip6.o)
                0x00000000000039a2                uip_icmp6chksum
 .text.uip_tcpchksum
                0x00000000000039a8        0x6 contiki-avr-atmega128rfa1.a(uip6.o)
                0x00000000000039a8                uip_tcpchksum
 .text.uip_udpchksum
                0x00000000000039ae        0x6 contiki-avr-atmega128rfa1.a(uip6.o)
                0x00000000000039ae                uip_udpchksum
 .text.uip_init
                0x00000000000039b4       0x5c contiki-avr-atmega128rfa1.a(uip6.o)
                0x00000000000039b4                uip_init
 .text.remove_ext_hdr
                0x0000000000003a10       0x68 contiki-avr-atmega128rfa1.a(uip6.o)
                0x0000000000003a10                remove_ext_hdr
 .text.uip_unlisten
                0x0000000000003a78       0x2e contiki-avr-atmega128rfa1.a(uip6.o)
                0x0000000000003a78                uip_unlisten
 .text.uip_process
                0x0000000000003aa6     0x105a contiki-avr-atmega128rfa1.a(uip6.o)
                0x0000000000003aa6                uip_process
 .text.uip_htonl
                0x0000000000004b00        0x6 contiki-avr-atmega128rfa1.a(uip6.o)
                0x0000000000004b00                uip_htonl
 .text.uip_ds6_nbr_rm
                0x0000000000004b06       0x32 contiki-avr-atmega128rfa1.a(uip-ds6-nbr.o)
                0x0000000000004b06                uip_ds6_nbr_rm
 .text.uip_ds6_neighbors_init
                0x0000000000004b38       0x14 contiki-avr-atmega128rfa1.a(uip-ds6-nbr.o)
                0x0000000000004b38                uip_ds6_neighbors_init
 .text.uip_ds6_nbr_add
                0x0000000000004b4c       0x60 contiki-avr-atmega128rfa1.a(uip-ds6-nbr.o)
                0x0000000000004b4c                uip_ds6_nbr_add
 .text.uip_ds6_nbr_get_ll
                0x0000000000004bac        0xe contiki-avr-atmega128rfa1.a(uip-ds6-nbr.o)
                0x0000000000004bac                uip_ds6_nbr_get_ll
 .text.uip_ds6_nbr_lookup
                0x0000000000004bba       0x56 contiki-avr-atmega128rfa1.a(uip-ds6-nbr.o)
                0x0000000000004bba                uip_ds6_nbr_lookup
 .text.uip_ds6_nbr_ll_lookup
                0x0000000000004c10        0xe contiki-avr-atmega128rfa1.a(uip-ds6-nbr.o)
                0x0000000000004c10                uip_ds6_nbr_ll_lookup
 .text.uip_ds6_nbr_ipaddr_from_lladdr
                0x0000000000004c1e        0x4 contiki-avr-atmega128rfa1.a(uip-ds6-nbr.o)
                0x0000000000004c1e                uip_ds6_nbr_ipaddr_from_lladdr
 .text.uip_ds6_nbr_lladdr_from_ipaddr
                0x0000000000004c22       0x12 contiki-avr-atmega128rfa1.a(uip-ds6-nbr.o)
                0x0000000000004c22                uip_ds6_nbr_lladdr_from_ipaddr
 .text.uip_ds6_link_neighbor_callback
                0x0000000000004c34       0x52 contiki-avr-atmega128rfa1.a(uip-ds6-nbr.o)
                0x0000000000004c34                uip_ds6_link_neighbor_callback
 .text.uip_nd6_init
                0x0000000000004c86        0x2 contiki-avr-atmega128rfa1.a(uip-nd6.o)
                0x0000000000004c86                uip_nd6_init
 .text.clear_fragments
                0x0000000000004c88       0x3c contiki-avr-atmega128rfa1.a(sicslowpan.o)
 .text.sicslowpan_init
                0x0000000000004cc4       0x1a contiki-avr-atmega128rfa1.a(sicslowpan.o)
                0x0000000000004cc4                sicslowpan_init
 .text.compress_addr_64
                0x0000000000004cde       0xcc contiki-avr-atmega128rfa1.a(sicslowpan.o)
 .text.set_packet_attrs
                0x0000000000004daa       0x52 contiki-avr-atmega128rfa1.a(sicslowpan.o)
 .text.addr_context_lookup_by_prefix
                0x0000000000004dfc       0x26 contiki-avr-atmega128rfa1.a(sicslowpan.o)
 .text.send_packet
                0x0000000000004e22       0x1e contiki-avr-atmega128rfa1.a(sicslowpan.o)
 .text.output   0x0000000000004e40      0x826 contiki-avr-atmega128rfa1.a(sicslowpan.o)
 .text.packet_sent
                0x0000000000005666       0x32 contiki-avr-atmega128rfa1.a(sicslowpan.o)
 .text.store_fragment
                0x0000000000005698       0x86 contiki-avr-atmega128rfa1.a(sicslowpan.o)
 .text.uncompress_addr
                0x000000000000571e       0xee contiki-avr-atmega128rfa1.a(sicslowpan.o)
 .text.add_fragment
                0x000000000000580c      0x188 contiki-avr-atmega128rfa1.a(sicslowpan.o)
 .text.input    0x0000000000005994      0x724 contiki-avr-atmega128rfa1.a(sicslowpan.o)
 .text.uip_packetqueue_new
                0x00000000000060b8        0x8 contiki-avr-atmega128rfa1.a(uip-packetqueue)
                0x00000000000060b8                uip_packetqueue_new
 .text.uip_packetqueue_free
                0x00000000000060c0       0x32 contiki-avr-atmega128rfa1.a(uip-packetqueue)
                0x00000000000060c0                uip_packetqueue_free
 .text.uip_packetqueue_buf
                0x00000000000060f2       0x14 contiki-avr-atmega128rfa1.a(uip-packetqueue)
                0x00000000000060f2                uip_packetqueue_buf
 .text.uip_packetqueue_buflen
                0x0000000000006106       0x1c contiki-avr-atmega128rfa1.a(uip-packetqueue)
                0x0000000000006106                uip_packetqueue_buflen
 .text.uip_debug_ipaddr_print
                0x0000000000006122      0x154 contiki-avr-atmega128rfa1.a(uip-debug.o)
                0x0000000000006122                uip_debug_ipaddr_print
 .text.start_periodic_tcp_timer
                0x0000000000006276       0x16 contiki-avr-atmega128rfa1.a(tcpip.o)
 .text.tcpip_output
                0x000000000000628c       0x12 contiki-avr-atmega128rfa1.a(tcpip.o)
                0x000000000000628c                tcpip_output
 .text.tcpip_set_outputfunc
                0x000000000000629e        0xa contiki-avr-atmega128rfa1.a(tcpip.o)
                0x000000000000629e                tcpip_set_outputfunc
 .text.tcpip_icmp6_call
                0x00000000000062a8       0x2e contiki-avr-atmega128rfa1.a(tcpip.o)
                0x00000000000062a8                tcpip_icmp6_call
 .text.tcpip_input
                0x00000000000062d6       0x1c contiki-avr-atmega128rfa1.a(tcpip.o)
                0x00000000000062d6                tcpip_input
 .text.tcpip_ipv6_output
                0x00000000000062f2      0x178 contiki-avr-atmega128rfa1.a(tcpip.o)
                0x00000000000062f2                tcpip_ipv6_output
 .text.process_thread_tcpip_process
                0x000000000000646a      0x200 contiki-avr-atmega128rfa1.a(tcpip.o)
 .text.tcpip_uipcall
                0x000000000000666a       0x78 contiki-avr-atmega128rfa1.a(tcpip.o)
                0x000000000000666a                tcpip_uipcall
 .text.uip_split_output
                0x00000000000066e2       0xf4 contiki-avr-atmega128rfa1.a(uip-split.o)
                0x00000000000066e2                uip_split_output
 .text.lollipop_greater_than
                0x00000000000067d6       0x54 contiki-avr-atmega128rfa1.a(rpl-dag.o)
 .text.rpl_set_preferred_parent
                0x000000000000682a       0x44 contiki-avr-atmega128rfa1.a(rpl-dag.o)
 .text.set_ip_from_prefix
                0x000000000000686e       0x38 contiki-avr-atmega128rfa1.a(rpl-dag.o)
 .text.check_prefix
                0x00000000000068a6       0xb4 contiki-avr-atmega128rfa1.a(rpl-dag.o)
 .text.find_parent_any_dag_any_instance
                0x000000000000695a       0x16 contiki-avr-atmega128rfa1.a(rpl-dag.o)
 .text.rpl_dag_init
                0x0000000000006970       0x10 contiki-avr-atmega128rfa1.a(rpl-dag.o)
                0x0000000000006970                rpl_dag_init
 .text.rpl_get_parent
                0x0000000000006980        0xe contiki-avr-atmega128rfa1.a(rpl-dag.o)
                0x0000000000006980                rpl_get_parent
 .text.rpl_rank_via_parent
                0x000000000000698e       0x34 contiki-avr-atmega128rfa1.a(rpl-dag.o)
                0x000000000000698e                rpl_rank_via_parent
 .text.rpl_get_parent_lladdr
                0x00000000000069c2        0xe contiki-avr-atmega128rfa1.a(rpl-dag.o)
                0x00000000000069c2                rpl_get_parent_lladdr
 .text.rpl_get_parent_ipaddr
                0x00000000000069d0        0x8 contiki-avr-atmega128rfa1.a(rpl-dag.o)
                0x00000000000069d0                rpl_get_parent_ipaddr
 .text.rpl_get_parent_link_stats
                0x00000000000069d8        0x8 contiki-avr-atmega128rfa1.a(rpl-dag.o)
                0x00000000000069d8                rpl_get_parent_link_stats
 .text.rpl_parent_is_fresh
                0x00000000000069e0        0x8 contiki-avr-atmega128rfa1.a(rpl-dag.o)
                0x00000000000069e0                rpl_parent_is_fresh
 .text.best_parent
                0x00000000000069e8       0xbc contiki-avr-atmega128rfa1.a(rpl-dag.o)
 .text.rpl_parent_is_reachable
                0x0000000000006aa4       0x66 contiki-avr-atmega128rfa1.a(rpl-dag.o)
                0x0000000000006aa4                rpl_parent_is_reachable
 .text.rpl_set_prefix
                0x0000000000006b0a       0xb4 contiki-avr-atmega128rfa1.a(rpl-dag.o)
                0x0000000000006b0a                rpl_set_prefix
 .text.rpl_set_default_route
                0x0000000000006bbe       0x54 contiki-avr-atmega128rfa1.a(rpl-dag.o)
                0x0000000000006bbe                rpl_set_default_route
 .text.rpl_alloc_instance
                0x0000000000006c12       0x32 contiki-avr-atmega128rfa1.a(rpl-dag.o)
                0x0000000000006c12                rpl_alloc_instance
 .text.rpl_add_parent
                0x0000000000006c44       0x52 contiki-avr-atmega128rfa1.a(rpl-dag.o)
                0x0000000000006c44                rpl_add_parent
 .text.rpl_find_parent
                0x0000000000006c96       0x2a contiki-avr-atmega128rfa1.a(rpl-dag.o)
                0x0000000000006c96                rpl_find_parent
 .text.rpl_find_parent_any_dag
                0x0000000000006cc0       0x36 contiki-avr-atmega128rfa1.a(rpl-dag.o)
                0x0000000000006cc0                rpl_find_parent_any_dag
 .text.rpl_select_parent
                0x0000000000006cf6       0x78 contiki-avr-atmega128rfa1.a(rpl-dag.o)
                0x0000000000006cf6                rpl_select_parent
 .text.rpl_select_dag
                0x0000000000006d6e      0x25e contiki-avr-atmega128rfa1.a(rpl-dag.o)
                0x0000000000006d6e                rpl_select_dag
 .text.rpl_nullify_parent
                0x0000000000006fcc       0x90 contiki-avr-atmega128rfa1.a(rpl-dag.o)
                0x0000000000006fcc                rpl_nullify_parent
 .text.rpl_remove_parent
                0x000000000000705c       0x1c contiki-avr-atmega128rfa1.a(rpl-dag.o)
                0x000000000000705c                rpl_remove_parent
 .text.nbr_callback
                0x0000000000007078        0x4 contiki-avr-atmega128rfa1.a(rpl-dag.o)
 .text.remove_parents.constprop.5
                0x000000000000707c       0x46 contiki-avr-atmega128rfa1.a(rpl-dag.o)
 .text.rpl_free_dag
                0x00000000000070c2       0x48 contiki-avr-atmega128rfa1.a(rpl-dag.o)
                0x00000000000070c2                rpl_free_dag
 .text.rpl_move_parent
                0x000000000000710a       0x92 contiki-avr-atmega128rfa1.a(rpl-dag.o)
                0x000000000000710a                rpl_move_parent
 .text.rpl_get_any_dag
                0x000000000000719c       0x1e contiki-avr-atmega128rfa1.a(rpl-dag.o)
                0x000000000000719c                rpl_get_any_dag
 .text.rpl_get_instance
                0x00000000000071ba       0x1c contiki-avr-atmega128rfa1.a(rpl-dag.o)
                0x00000000000071ba                rpl_get_instance
 .text.rpl_repair_root
                0x00000000000071d6       0x52 contiki-avr-atmega128rfa1.a(rpl-dag.o)
                0x00000000000071d6                rpl_repair_root
 .text.rpl_alloc_dag
                0x0000000000007228       0x60 contiki-avr-atmega128rfa1.a(rpl-dag.o)
                0x0000000000007228                rpl_alloc_dag
 .text.rpl_find_of
                0x0000000000007288       0x1a contiki-avr-atmega128rfa1.a(rpl-dag.o)
                0x0000000000007288                rpl_find_of
 .text.rpl_join_instance
                0x00000000000072a2      0x20c contiki-avr-atmega128rfa1.a(rpl-dag.o)
                0x00000000000072a2                rpl_join_instance
 .text.rpl_local_repair
                0x00000000000074ae       0xc2 contiki-avr-atmega128rfa1.a(rpl-dag.o)
                0x00000000000074ae                rpl_local_repair
 .text.rpl_process_parent_event
                0x0000000000007570      0x114 contiki-avr-atmega128rfa1.a(rpl-dag.o)
                0x0000000000007570                rpl_process_parent_event
 .text.rpl_add_dag
                0x0000000000007684      0x170 contiki-avr-atmega128rfa1.a(rpl-dag.o)
                0x0000000000007684                rpl_add_dag
 .text.rpl_recalculate_ranks
                0x00000000000077f4       0x50 contiki-avr-atmega128rfa1.a(rpl-dag.o)
                0x00000000000077f4                rpl_recalculate_ranks
 .text.rpl_process_dio
                0x0000000000007844      0x474 contiki-avr-atmega128rfa1.a(rpl-dag.o)
                0x0000000000007844                rpl_process_dio
 .text.new_dio_interval
                0x0000000000007cb8       0xc8 contiki-avr-atmega128rfa1.a(rpl-timers.o)
 .text.handle_periodic_timer
                0x0000000000007d80       0x6a contiki-avr-atmega128rfa1.a(rpl-timers.o)
 .text.set_dao_lifetime_timer
                0x0000000000007dea       0x94 contiki-avr-atmega128rfa1.a(rpl-timers.o)
 .text.handle_unicast_dio_timer
                0x0000000000007e7e       0x2a contiki-avr-atmega128rfa1.a(rpl-timers.o)
 .text.handle_dio_timer
                0x0000000000007ea8       0xbe contiki-avr-atmega128rfa1.a(rpl-timers.o)
 .text.schedule_dao
                0x0000000000007f66       0xa4 contiki-avr-atmega128rfa1.a(rpl-timers.o)
 .text.handle_dao_timer
                0x000000000000800a       0x80 contiki-avr-atmega128rfa1.a(rpl-timers.o)
 .text.rpl_reset_periodic_timer
                0x000000000000808a       0x48 contiki-avr-atmega128rfa1.a(rpl-timers.o)
                0x000000000000808a                rpl_reset_periodic_timer
 .text.rpl_reset_dio_timer
                0x00000000000080d2       0x20 contiki-avr-atmega128rfa1.a(rpl-timers.o)
                0x00000000000080d2                rpl_reset_dio_timer
 .text.rpl_schedule_dao
                0x00000000000080f2        0xc contiki-avr-atmega128rfa1.a(rpl-timers.o)
                0x00000000000080f2                rpl_schedule_dao
 .text.rpl_schedule_unicast_dio_immediately
                0x00000000000080fe       0x1e contiki-avr-atmega128rfa1.a(rpl-timers.o)
                0x00000000000080fe                rpl_schedule_unicast_dio_immediately
 .text.get_probing_delay
                0x000000000000811c       0x42 contiki-avr-atmega128rfa1.a(rpl-timers.o)
                0x000000000000811c                get_probing_delay
 .text.get_probing_target
                0x000000000000815e      0x176 contiki-avr-atmega128rfa1.a(rpl-timers.o)
                0x000000000000815e                get_probing_target
 .text.rpl_schedule_probing
                0x00000000000082d4       0x30 contiki-avr-atmega128rfa1.a(rpl-timers.o)
                0x00000000000082d4                rpl_schedule_probing
 .text.handle_probing_timer
                0x0000000000008304       0x4c contiki-avr-atmega128rfa1.a(rpl-timers.o)
 .text.update_hbh_header
                0x0000000000008350       0xf6 contiki-avr-atmega128rfa1.a(rpl-ext-header.)
 .text.insert_hbh_header
                0x0000000000008446       0xd0 contiki-avr-atmega128rfa1.a(rpl-ext-header.)
 .text.rpl_verify_hbh_header
                0x0000000000008516      0x144 contiki-avr-atmega128rfa1.a(rpl-ext-header.)
                0x0000000000008516                rpl_verify_hbh_header
 .text.rpl_remove_header
                0x000000000000865a       0x8e contiki-avr-atmega128rfa1.a(rpl-ext-header.)
                0x000000000000865a                rpl_remove_header
 .text.rpl_update_header
                0x00000000000086e8       0x74 contiki-avr-atmega128rfa1.a(rpl-ext-header.)
                0x00000000000086e8                rpl_update_header
 .text.rpl_get_mode
                0x000000000000875c        0xa contiki-avr-atmega128rfa1.a(rpl.o)
                0x000000000000875c                rpl_get_mode
 .text.rpl_purge_routes
                0x0000000000008766       0xce contiki-avr-atmega128rfa1.a(rpl.o)
                0x0000000000008766                rpl_purge_routes
 .text.rpl_remove_routes
                0x0000000000008834       0x2c contiki-avr-atmega128rfa1.a(rpl.o)
                0x0000000000008834                rpl_remove_routes
 .text.rpl_remove_routes_by_nexthop
                0x0000000000008860       0x56 contiki-avr-atmega128rfa1.a(rpl.o)
                0x0000000000008860                rpl_remove_routes_by_nexthop
 .text.rpl_add_route
                0x00000000000088b6       0x4a contiki-avr-atmega128rfa1.a(rpl.o)
                0x00000000000088b6                rpl_add_route
 .text.rpl_link_neighbor_callback
                0x0000000000008900       0x76 contiki-avr-atmega128rfa1.a(rpl.o)
                0x0000000000008900                rpl_link_neighbor_callback
 .text.rpl_ipv6_neighbor_callback
                0x0000000000008976       0x28 contiki-avr-atmega128rfa1.a(rpl.o)
                0x0000000000008976                rpl_ipv6_neighbor_callback
 .text.rpl_purge_dags
                0x000000000000899e       0x5c contiki-avr-atmega128rfa1.a(rpl.o)
                0x000000000000899e                rpl_purge_dags
 .text.rpl_init
                0x00000000000089fa       0x6a contiki-avr-atmega128rfa1.a(rpl.o)
                0x00000000000089fa                rpl_init
 .text.reset    0x0000000000008a64        0x2 contiki-avr-atmega128rfa1.a(rpl-mrhof.o)
 .text.update_metric_container
                0x0000000000008a66        0x6 contiki-avr-atmega128rfa1.a(rpl-mrhof.o)
 .text.parent_link_metric
                0x0000000000008a6c       0x16 contiki-avr-atmega128rfa1.a(rpl-mrhof.o)
 .text.parent_has_usable_link
                0x0000000000008a82       0x16 contiki-avr-atmega128rfa1.a(rpl-mrhof.o)
 .text.best_dag
                0x0000000000008a98       0x42 contiki-avr-atmega128rfa1.a(rpl-mrhof.o)
 .text.parent_path_cost
                0x0000000000008ada       0x5a contiki-avr-atmega128rfa1.a(rpl-mrhof.o)
 .text.parent_is_acceptable
                0x0000000000008b34       0x3c contiki-avr-atmega128rfa1.a(rpl-mrhof.o)
 .text.rank_via_parent
                0x0000000000008b70       0x78 contiki-avr-atmega128rfa1.a(rpl-mrhof.o)
 .text.best_parent
                0x0000000000008be8       0xb0 contiki-avr-atmega128rfa1.a(rpl-mrhof.o)
 .text.get32    0x0000000000008c98       0x22 contiki-avr-atmega128rfa1.a(rpl-icmp6.o)
 .text.set32    0x0000000000008cba       0x10 contiki-avr-atmega128rfa1.a(rpl-icmp6.o)
 .text.get16    0x0000000000008cca       0x10 contiki-avr-atmega128rfa1.a(rpl-icmp6.o)
 .text.set16    0x0000000000008cda        0xc contiki-avr-atmega128rfa1.a(rpl-icmp6.o)
 .text.dao_ack_input
                0x0000000000008ce6        0xe contiki-avr-atmega128rfa1.a(rpl-icmp6.o)
 .text.dio_input
                0x0000000000008cf4      0x326 contiki-avr-atmega128rfa1.a(rpl-icmp6.o)
 .text.rpl_icmp6_update_nbr_table
                0x000000000000901a       0x3a contiki-avr-atmega128rfa1.a(rpl-icmp6.o)
                0x000000000000901a                rpl_icmp6_update_nbr_table
 .text.dao_input
                0x0000000000009054      0x396 contiki-avr-atmega128rfa1.a(rpl-icmp6.o)
 .text.dis_output
                0x00000000000093ea       0x74 contiki-avr-atmega128rfa1.a(rpl-icmp6.o)
                0x00000000000093ea                dis_output
 .text.dio_output
                0x000000000000945e      0x346 contiki-avr-atmega128rfa1.a(rpl-icmp6.o)
                0x000000000000945e                dio_output
 .text.dis_input
                0x00000000000097a4       0x48 contiki-avr-atmega128rfa1.a(rpl-icmp6.o)
 .text.dao_output_target
                0x00000000000097ec      0x130 contiki-avr-atmega128rfa1.a(rpl-icmp6.o)
                0x00000000000097ec                dao_output_target
 .text.dao_output
                0x000000000000991c       0xc2 contiki-avr-atmega128rfa1.a(rpl-icmp6.o)
                0x000000000000991c                dao_output
 .text.rpl_icmp6_register_handlers
                0x00000000000099de       0x20 contiki-avr-atmega128rfa1.a(rpl-icmp6.o)
                0x00000000000099de                rpl_icmp6_register_handlers
 .text.send_packet
                0x00000000000099fe        0xa contiki-avr-atmega128rfa1.a(nullmac.o)
 .text.packet_input
                0x0000000000009a08        0xa contiki-avr-atmega128rfa1.a(nullmac.o)
 .text.on       0x0000000000009a12        0xa contiki-avr-atmega128rfa1.a(nullmac.o)
 .text.off      0x0000000000009a1c        0xa contiki-avr-atmega128rfa1.a(nullmac.o)
 .text.channel_check_interval
                0x0000000000009a26        0x6 contiki-avr-atmega128rfa1.a(nullmac.o)
 .text.init     0x0000000000009a2c        0x2 contiki-avr-atmega128rfa1.a(nullmac.o)
 .text.parse    0x0000000000009a2e       0xd0 contiki-avr-atmega128rfa1.a(framer-802154.o)
 .text.create_frame.isra.0
                0x0000000000009afe      0x154 contiki-avr-atmega128rfa1.a(framer-802154.o)
 .text.create   0x0000000000009c52        0x8 contiki-avr-atmega128rfa1.a(framer-802154.o)
 .text.hdr_length
                0x0000000000009c5a        0x8 contiki-avr-atmega128rfa1.a(framer-802154.o)
 .text.queuebuf_init
                0x0000000000009c62       0x10 contiki-avr-atmega128rfa1.a(queuebuf.o)
                0x0000000000009c62                queuebuf_init
 .text.queuebuf_numfree
                0x0000000000009c72        0x8 contiki-avr-atmega128rfa1.a(queuebuf.o)
                0x0000000000009c72                queuebuf_numfree
 .text.queuebuf_new_from_packetbuf
                0x0000000000009c7a       0x66 contiki-avr-atmega128rfa1.a(queuebuf.o)
                0x0000000000009c7a                queuebuf_new_from_packetbuf
 .text.queuebuf_free
                0x0000000000009ce0       0x34 contiki-avr-atmega128rfa1.a(queuebuf.o)
                0x0000000000009ce0                queuebuf_free
 .text.queuebuf_to_packetbuf
                0x0000000000009d14       0x44 contiki-avr-atmega128rfa1.a(queuebuf.o)
                0x0000000000009d14                queuebuf_to_packetbuf
 .text.key_from_index
                0x0000000000009d58       0x28 contiki-avr-atmega128rfa1.a(nbr-table.o)
 .text.index_from_key
                0x0000000000009d80       0x30 contiki-avr-atmega128rfa1.a(nbr-table.o)
 .text.index_from_lladdr
                0x0000000000009db0       0x5a contiki-avr-atmega128rfa1.a(nbr-table.o)
 .text.item_from_key
                0x0000000000009e0a       0x3e contiki-avr-atmega128rfa1.a(nbr-table.o)
 .text.nbr_get_bit.constprop.0
                0x0000000000009e48       0x4c contiki-avr-atmega128rfa1.a(nbr-table.o)
 .text.remove_key
                0x0000000000009e94       0x86 contiki-avr-atmega128rfa1.a(nbr-table.o)
 .text.nbr_set_bit
                0x0000000000009f1a       0x64 contiki-avr-atmega128rfa1.a(nbr-table.o)
 .text.nbr_table_register
                0x0000000000009f7e       0x40 contiki-avr-atmega128rfa1.a(nbr-table.o)
                0x0000000000009f7e                nbr_table_register
 .text.nbr_table_next
                0x0000000000009fbe       0x62 contiki-avr-atmega128rfa1.a(nbr-table.o)
                0x0000000000009fbe                nbr_table_next
 .text.nbr_table_head
                0x000000000000a020       0x44 contiki-avr-atmega128rfa1.a(nbr-table.o)
                0x000000000000a020                nbr_table_head
 .text.nbr_table_add_lladdr
                0x000000000000a064      0x18e contiki-avr-atmega128rfa1.a(nbr-table.o)
                0x000000000000a064                nbr_table_add_lladdr
 .text.nbr_table_get_from_lladdr
                0x000000000000a1f2       0x5c contiki-avr-atmega128rfa1.a(nbr-table.o)
                0x000000000000a1f2                nbr_table_get_from_lladdr
 .text.nbr_table_remove
                0x000000000000a24e       0x42 contiki-avr-atmega128rfa1.a(nbr-table.o)
                0x000000000000a24e                nbr_table_remove
 .text.nbr_table_lock
                0x000000000000a290       0x10 contiki-avr-atmega128rfa1.a(nbr-table.o)
                0x000000000000a290                nbr_table_lock
 .text.nbr_table_unlock
                0x000000000000a2a0       0x10 contiki-avr-atmega128rfa1.a(nbr-table.o)
                0x000000000000a2a0                nbr_table_unlock
 .text.nbr_table_get_lladdr
                0x000000000000a2b0       0x3a contiki-avr-atmega128rfa1.a(nbr-table.o)
                0x000000000000a2b0                nbr_table_get_lladdr
 .text.packetbuf_hdrreduce
                0x000000000000a2ea       0x3a contiki-avr-atmega128rfa1.a(packetbuf.o)
                0x000000000000a2ea                packetbuf_hdrreduce
 .text.packetbuf_set_datalen
                0x000000000000a324        0xa contiki-avr-atmega128rfa1.a(packetbuf.o)
                0x000000000000a324                packetbuf_set_datalen
 .text.packetbuf_hdrptr
                0x000000000000a32e        0x6 contiki-avr-atmega128rfa1.a(packetbuf.o)
                0x000000000000a32e                packetbuf_hdrptr
 .text.packetbuf_datalen
                0x000000000000a334        0xa contiki-avr-atmega128rfa1.a(packetbuf.o)
                0x000000000000a334                packetbuf_datalen
 .text.packetbuf_hdrlen
                0x000000000000a33e        0xc contiki-avr-atmega128rfa1.a(packetbuf.o)
                0x000000000000a33e                packetbuf_hdrlen
 .text.packetbuf_dataptr
                0x000000000000a34a        0xc contiki-avr-atmega128rfa1.a(packetbuf.o)
                0x000000000000a34a                packetbuf_dataptr
 .text.packetbuf_copyto
                0x000000000000a356       0x64 contiki-avr-atmega128rfa1.a(packetbuf.o)
                0x000000000000a356                packetbuf_copyto
 .text.packetbuf_totlen
                0x000000000000a3ba       0x16 contiki-avr-atmega128rfa1.a(packetbuf.o)
                0x000000000000a3ba                packetbuf_totlen
 .text.packetbuf_hdralloc
                0x000000000000a3d0       0x56 contiki-avr-atmega128rfa1.a(packetbuf.o)
                0x000000000000a3d0                packetbuf_hdralloc
 .text.packetbuf_attr_clear
                0x000000000000a426       0x26 contiki-avr-atmega128rfa1.a(packetbuf.o)
                0x000000000000a426                packetbuf_attr_clear
 .text.packetbuf_clear
                0x000000000000a44c       0x18 contiki-avr-atmega128rfa1.a(packetbuf.o)
                0x000000000000a44c                packetbuf_clear
 .text.packetbuf_copyfrom
                0x000000000000a464       0x5a contiki-avr-atmega128rfa1.a(packetbuf.o)
                0x000000000000a464                packetbuf_copyfrom
 .text.packetbuf_attr_copyto
                0x000000000000a4be       0x22 contiki-avr-atmega128rfa1.a(packetbuf.o)
                0x000000000000a4be                packetbuf_attr_copyto
 .text.packetbuf_attr_copyfrom
                0x000000000000a4e0       0x22 contiki-avr-atmega128rfa1.a(packetbuf.o)
                0x000000000000a4e0                packetbuf_attr_copyfrom
 .text.packetbuf_set_attr
                0x000000000000a502       0x16 contiki-avr-atmega128rfa1.a(packetbuf.o)
                0x000000000000a502                packetbuf_set_attr
 .text.packetbuf_attr
                0x000000000000a518       0x12 contiki-avr-atmega128rfa1.a(packetbuf.o)
                0x000000000000a518                packetbuf_attr
 .text.packetbuf_set_addr
                0x000000000000a52a       0x16 contiki-avr-atmega128rfa1.a(packetbuf.o)
                0x000000000000a52a                packetbuf_set_addr
 .text.packetbuf_addr
                0x000000000000a540        0xe contiki-avr-atmega128rfa1.a(packetbuf.o)
                0x000000000000a540                packetbuf_addr
 .text.packetbuf_holds_broadcast
                0x000000000000a54e        0xc contiki-avr-atmega128rfa1.a(packetbuf.o)
                0x000000000000a54e                packetbuf_holds_broadcast
 .text.linkaddr_copy
                0x000000000000a55a       0x10 contiki-avr-atmega128rfa1.a(linkaddr.o)
                0x000000000000a55a                linkaddr_copy
 .text.linkaddr_cmp
                0x000000000000a56a       0x18 contiki-avr-atmega128rfa1.a(linkaddr.o)
                0x000000000000a56a                linkaddr_cmp
 .text.linkaddr_set_node_addr
                0x000000000000a582        0xa contiki-avr-atmega128rfa1.a(linkaddr.o)
                0x000000000000a582                linkaddr_set_node_addr
 .text.periodic
                0x000000000000a58c       0x2a contiki-avr-atmega128rfa1.a(link-stats.o)
 .text.link_stats_from_lladdr
                0x000000000000a5b6        0xa contiki-avr-atmega128rfa1.a(link-stats.o)
                0x000000000000a5b6                link_stats_from_lladdr
 .text.link_stats_is_fresh
                0x000000000000a5c0       0x4c contiki-avr-atmega128rfa1.a(link-stats.o)
                0x000000000000a5c0                link_stats_is_fresh
 .text.link_stats_packet_sent
                0x000000000000a60c       0xe4 contiki-avr-atmega128rfa1.a(link-stats.o)
                0x000000000000a60c                link_stats_packet_sent
 .text.link_stats_input_callback
                0x000000000000a6f0       0x94 contiki-avr-atmega128rfa1.a(link-stats.o)
                0x000000000000a6f0                link_stats_input_callback
 .text.link_stats_init
                0x000000000000a784       0x2e contiki-avr-atmega128rfa1.a(link-stats.o)
                0x000000000000a784                link_stats_init
 .text.on       0x000000000000a7b2        0xa contiki-avr-atmega128rfa1.a(sicslowmac.o)
 .text.channel_check_interval
                0x000000000000a7bc        0x6 contiki-avr-atmega128rfa1.a(sicslowmac.o)
 .text.send_packet
                0x000000000000a7c2      0x11c contiki-avr-atmega128rfa1.a(sicslowmac.o)
 .text.send_list
                0x000000000000a8de       0x36 contiki-avr-atmega128rfa1.a(sicslowmac.o)
                0x000000000000a8de                send_list
 .text.input_packet
                0x000000000000a914       0xce contiki-avr-atmega128rfa1.a(sicslowmac.o)
 .text.init     0x000000000000a9e2       0x12 contiki-avr-atmega128rfa1.a(sicslowmac.o)
 .text.off      0x000000000000a9f4       0x18 contiki-avr-atmega128rfa1.a(sicslowmac.o)
 .text.init     0x000000000000aa0c        0x2 contiki-avr-atmega128rfa1.a(nullsec.o)
 .text.input    0x000000000000aa0e        0xa contiki-avr-atmega128rfa1.a(nullsec.o)
 .text.send     0x000000000000aa18       0x2c contiki-avr-atmega128rfa1.a(nullsec.o)
 .text.__vector_32
                0x000000000000aa44       0xee contiki-avr-atmega128rfa1.a(rtimer-arch.o)
                0x000000000000aa44                __vector_32
 .text.rtimer_arch_init
                0x000000000000ab32       0x34 contiki-avr-atmega128rfa1.a(rtimer-arch.o)
                0x000000000000ab32                rtimer_arch_init
 .text.rtimer_arch_schedule
                0x000000000000ab66       0x22 contiki-avr-atmega128rfa1.a(rtimer-arch.o)
                0x000000000000ab66                rtimer_arch_schedule
 .text.__vector_13
                0x000000000000ab88       0x14 contiki-avr-atmega128rfa1.a(rtimer-arch.o)
                0x000000000000ab88                __vector_13
 .text.stimer_set
                0x000000000000ab9c       0x20 contiki-avr-atmega128rfa1.a(stimer.o)
                0x000000000000ab9c                stimer_set
 .text.stimer_expired
                0x000000000000abbc       0x60 contiki-avr-atmega128rfa1.a(stimer.o)
                0x000000000000abbc                stimer_expired
 .text.memb_init
                0x000000000000ac1c       0x3c contiki-avr-atmega128rfa1.a(memb.o)
                0x000000000000ac1c                memb_init
 .text.memb_alloc
                0x000000000000ac58       0x4a contiki-avr-atmega128rfa1.a(memb.o)
                0x000000000000ac58                memb_alloc
 .text.memb_free
                0x000000000000aca2       0x4c contiki-avr-atmega128rfa1.a(memb.o)
                0x000000000000aca2                memb_free
 .text.memb_inmemb
                0x000000000000acee       0x3a contiki-avr-atmega128rfa1.a(memb.o)
                0x000000000000acee                memb_inmemb
 .text.memb_numfree
                0x000000000000ad28       0x34 contiki-avr-atmega128rfa1.a(memb.o)
                0x000000000000ad28                memb_numfree
 .text.echo_reply_input
                0x000000000000ad5c       0xe2 contiki-avr-atmega128rfa1.a(uip-icmp6.o)
 .text.echo_request_input
                0x000000000000ae3e       0xd8 contiki-avr-atmega128rfa1.a(uip-icmp6.o)
 .text.uip_icmp6_input
                0x000000000000af16       0x4e contiki-avr-atmega128rfa1.a(uip-icmp6.o)
                0x000000000000af16                uip_icmp6_input
 .text.uip_icmp6_register_input_handler
                0x000000000000af64        0xa contiki-avr-atmega128rfa1.a(uip-icmp6.o)
                0x000000000000af64                uip_icmp6_register_input_handler
 .text.uip_icmp6_error_output
                0x000000000000af6e      0x1cc contiki-avr-atmega128rfa1.a(uip-icmp6.o)
                0x000000000000af6e                uip_icmp6_error_output
 .text.uip_icmp6_send
                0x000000000000b13a       0xb8 contiki-avr-atmega128rfa1.a(uip-icmp6.o)
                0x000000000000b13a                uip_icmp6_send
 .text.uip_icmp6_init
                0x000000000000b1f2       0x10 contiki-avr-atmega128rfa1.a(uip-icmp6.o)
                0x000000000000b1f2                uip_icmp6_init
 .text.update_nbr
                0x000000000000b202      0x198 contiki-avr-atmega128rfa1.a(rpl-nbr-policy.)
 .text.handle_periodic_timer
                0x000000000000b39a        0xc contiki-avr-atmega128rfa1.a(rpl-nbr-policy.)
 .text.find_removable_dis
                0x000000000000b3a6       0x20 contiki-avr-atmega128rfa1.a(rpl-nbr-policy.)
                0x000000000000b3a6                find_removable_dis
 .text.find_removable_dio
                0x000000000000b3c6       0x5a contiki-avr-atmega128rfa1.a(rpl-nbr-policy.)
                0x000000000000b3c6                find_removable_dio
 .text.find_removable_dao
                0x000000000000b420       0x50 contiki-avr-atmega128rfa1.a(rpl-nbr-policy.)
                0x000000000000b420                find_removable_dao
 .text.rpl_nbr_policy_find_removable
                0x000000000000b470       0x2e contiki-avr-atmega128rfa1.a(rpl-nbr-policy.)
                0x000000000000b470                rpl_nbr_policy_find_removable
 .text.frame802154_get_pan_id
                0x000000000000b49e        0xa contiki-avr-atmega128rfa1.a(frame802154.o)
                0x000000000000b49e                frame802154_get_pan_id
 .text.frame802154_has_panid
                0x000000000000b4a8       0x8e contiki-avr-atmega128rfa1.a(frame802154.o)
                0x000000000000b4a8                frame802154_has_panid
 .text.field_len
                0x000000000000b536       0xd2 contiki-avr-atmega128rfa1.a(frame802154.o)
 .text.frame802154_is_broadcast_addr
                0x000000000000b608       0x2a contiki-avr-atmega128rfa1.a(frame802154.o)
                0x000000000000b608                frame802154_is_broadcast_addr
 .text.frame802154_hdrlen
                0x000000000000b632       0x4e contiki-avr-atmega128rfa1.a(frame802154.o)
                0x000000000000b632                frame802154_hdrlen
 .text.frame802154_create
                0x000000000000b680      0x1e6 contiki-avr-atmega128rfa1.a(frame802154.o)
                0x000000000000b680                frame802154_create
 .text.frame802154_parse
                0x000000000000b866      0x234 contiki-avr-atmega128rfa1.a(frame802154.o)
                0x000000000000b866                frame802154_parse
 .text.libgcc.div
                0x000000000000ba9a       0x28 /usr/lib/gcc/avr/4.9.2/avr51/libgcc.a(_udivmodhi4.o)
                0x000000000000ba9a                __udivmodhi4
 .text.libgcc.div
                0x000000000000bac2       0x28 /usr/lib/gcc/avr/4.9.2/avr51/libgcc.a(_divmodhi4.o)
                0x000000000000bac2                __divmodhi4
                0x000000000000bac2                _div
 .text.libgcc.div
                0x000000000000baea       0x44 /usr/lib/gcc/avr/4.9.2/avr51/libgcc.a(_udivmodsi4.o)
                0x000000000000baea                __udivmodsi4
 .text.libgcc.div
                0x000000000000bb2e       0x2e /usr/lib/gcc/avr/4.9.2/avr51/libgcc.a(_divmodsi4.o)
                0x000000000000bb2e                __divmodsi4
 .text.libgcc.div
                0x000000000000bb5c       0x10 /usr/lib/gcc/avr/4.9.2/avr51/libgcc.a(_negsi2.o)
                0x000000000000bb5c                __negsi2
 .text.libgcc   0x000000000000bb6c       0x12 /usr/lib/gcc/avr/4.9.2/avr51/libgcc.a(_tablejump2.o)
                0x000000000000bb6c                __tablejump2__
 .text.libgcc.builtins
                0x000000000000bb7e        0xe /usr/lib/gcc/avr/4.9.2/avr51/libgcc.a(_bswapsi2.o)
                0x000000000000bb7e                __bswapsi2
 .text.libgcc.mul
                0x000000000000bb8c       0x1e /usr/lib/gcc/avr/4.9.2/avr51/libgcc.a(_umulhisi3.o)
                0x000000000000bb8c                __umulhisi3
 .text.libgcc.mul
                0x000000000000bbaa        0xe /usr/lib/gcc/avr/4.9.2/avr51/libgcc.a(_usmulhisi3.o)
                0x000000000000bbaa                __usmulhisi3
                0x000000000000bbae                __usmulhisi3_tail
 .text.libgcc.mul
                0x000000000000bbb8       0x16 /usr/lib/gcc/avr/4.9.2/avr51/libgcc.a(_muluhisi3.o)
                0x000000000000bbb8                __muluhisi3
 .text.avr-libc
                0x000000000000bbce       0xb4 /usr/lib/gcc/avr/4.9.2/../../../avr/lib/avr51/libc.a(rand.o)
                0x000000000000bc60                rand_r
                0x000000000000bc64                rand
                0x000000000000bc6c                srand
 .text.avr-libc
                0x000000000000bc82       0x1a /usr/lib/gcc/avr/4.9.2/../../../avr/lib/avr51/libc.a(memcmp.o)
                0x000000000000bc82                memcmp
 .text.avr-libc
                0x000000000000bc9c       0x12 /usr/lib/gcc/avr/4.9.2/../../../avr/lib/avr51/libc.a(memcpy.o)
                0x000000000000bc9c                memcpy
 .text.avr-libc
                0x000000000000bcae       0x24 /usr/lib/gcc/avr/4.9.2/../../../avr/lib/avr51/libc.a(memmove.o)
                0x000000000000bcae                memmove
 .text.avr-libc
                0x000000000000bcd2        0xe /usr/lib/gcc/avr/4.9.2/../../../avr/lib/avr51/libc.a(memset.o)
                0x000000000000bcd2                memset
 .text.avr-libc
                0x000000000000bce0       0x70 /usr/lib/gcc/avr/4.9.2/../../../avr/lib/avr51/libc.a(fputc.o)
                0x000000000000bce0                fputc
 .text.avr-libc
                0x000000000000bd50       0x50 /usr/lib/gcc/avr/4.9.2/../../../avr/lib/avr51/libc.a(printf_p.o)
                0x000000000000bd50                printf_P
 .text.avr-libc
                0x000000000000bda0        0xc /usr/lib/gcc/avr/4.9.2/../../../avr/lib/avr51/libc.a(putchar.o)
                0x000000000000bda0                putchar
 .text.avr-libc
                0x000000000000bdac      0x3f6 /usr/lib/gcc/avr/4.9.2/../../../avr/lib/avr51/libc.a(vfprintf_std.o)
                0x000000000000bdac                vfprintf
 .text.avr-libc
                0x000000000000c1a2       0x16 /usr/lib/gcc/avr/4.9.2/../../../avr/lib/avr51/libc.a(strnlen_P.o)
                0x000000000000c1a2                strnlen_P
 .text.avr-libc
                0x000000000000c1b8       0x16 /usr/lib/gcc/avr/4.9.2/../../../avr/lib/avr51/libc.a(strnlen.o)
                0x000000000000c1b8                strnlen
 .text.avr-libc
                0x000000000000c1ce       0xbc /usr/lib/gcc/avr/4.9.2/../../../avr/lib/avr51/libc.a(ultoa_invert.o)
                0x000000000000c1ce                __ultoa_invert
 .text.avr-libc
                0x000000000000c28a       0x20 /usr/lib/gcc/avr/4.9.2/../../../avr/lib/avr51/libatmega128rfa1.a(eerd_block.o)
                0x000000000000c28a                eeprom_read_block
                0x000000000000c28e                eeprom_read_blraw
 .text.avr-libc
                0x000000000000c2aa       0x10 /usr/lib/gcc/avr/4.9.2/../../../avr/lib/avr51/libatmega128rfa1.a(eerd_byte.o)
                0x000000000000c2aa                eeprom_read_byte
 .text.avr-libc
                0x000000000000c2ba        0xc /usr/lib/gcc/avr/4.9.2/../../../avr/lib/avr51/libatmega128rfa1.a(eerd_word.o)
                0x000000000000c2ba                eeprom_read_word
 .text.avr-libc
                0x000000000000c2c6       0x14 /usr/lib/gcc/avr/4.9.2/../../../avr/lib/avr51/libatmega128rfa1.a(eewr_block.o)
                0x000000000000c2c6                eeprom_write_block
 .text.avr-libc
                0x000000000000c2da       0x1c /usr/lib/gcc/avr/4.9.2/../../../avr/lib/avr51/libatmega128rfa1.a(eewr_byte.o)
                0x000000000000c2da                eeprom_write_byte
                0x000000000000c2dc                eeprom_write_r18
 .text.avr-libc
                0x000000000000c2f6        0xa /usr/lib/gcc/avr/4.9.2/../../../avr/lib/avr51/libatmega128rfa1.a(eewr_word.o)
                0x000000000000c2f6                eeprom_write_word
 .text.libgcc.mul
                0x000000000000c300       0x10 /usr/lib/gcc/avr/4.9.2/avr51/libgcc.a(_mulshisi3.o)
                0x000000000000c300                __mulshisi3
                0x000000000000c306                __mulohisi3
                0x000000000000c310                . = ALIGN (0x2)
 *(.fini9)
 .fini9         0x000000000000c310        0x0 /usr/lib/gcc/avr/4.9.2/avr51/libgcc.a(_exit.o)
                0x000000000000c310                exit
                0x000000000000c310                _exit
 *(.fini9)
 *(.fini8)
 *(.fini8)
 *(.fini7)
 *(.fini7)
 *(.fini6)
 *(.fini6)
 *(.fini5)
 *(.fini5)
 *(.fini4)
 *(.fini4)
 *(.fini3)
 *(.fini3)
 *(.fini2)
 *(.fini2)
 *(.fini1)
 *(.fini1)
 *(.fini0)
 .fini0         0x000000000000c310        0x4 /usr/lib/gcc/avr/4.9.2/avr51/libgcc.a(_exit.o)
 *(.fini0)
                0x000000000000c314                _etext = .

.data           0x0000000000800200      0x23e load address 0x000000000000c314
                0x0000000000800200                PROVIDE (__data_start, .)
 *(.data)
 .data          0x0000000000800200        0x4 /usr/lib/gcc/avr/4.9.2/../../../avr/lib/avr51/libc.a(rand.o)
 *(.data*)
 .data.example_process
                0x0000000000800204        0xa SerialRelay.co
                0x0000000000800204                example_process
 .data.rs232_stdout
                0x000000000080020e        0xe contiki-avr-atmega128rfa1.a(rs232.o)
 .data.rf230_process
                0x000000000080021c        0xa contiki-avr-atmega128rfa1.a(rf230bb.o)
                0x000000000080021c                rf230_process
 .data.ctimer_process
                0x0000000000800226        0xa contiki-avr-atmega128rfa1.a(ctimer.o)
                0x0000000000800226                ctimer_process
 .data.etimer_process
                0x0000000000800230        0xa contiki-avr-atmega128rfa1.a(etimer.o)
                0x0000000000800230                etimer_process
 .data.defaultroutermemb
                0x000000000080023a        0x8 contiki-avr-atmega128rfa1.a(uip-ds6-route.o)
 .data.routememb
                0x0000000000800242        0x8 contiki-avr-atmega128rfa1.a(uip-ds6-route.o)
 .data.neighborroutememb
                0x000000000080024a        0x8 contiki-avr-atmega128rfa1.a(uip-ds6-route.o)
 .data.nbr_routes
                0x0000000000800252        0x2 contiki-avr-atmega128rfa1.a(uip-ds6-route.o)
                0x0000000000800252                nbr_routes
 .data.nbr_routes_struct
                0x0000000000800254        0x8 contiki-avr-atmega128rfa1.a(uip-ds6-route.o)
 .data.ds6_neighbors
                0x000000000080025c        0x2 contiki-avr-atmega128rfa1.a(uip-ds6-nbr.o)
                0x000000000080025c                ds6_neighbors
 .data.ds6_neighbors_struct
                0x000000000080025e        0x8 contiki-avr-atmega128rfa1.a(uip-ds6-nbr.o)
 .data.packets_memb
                0x0000000000800266        0x8 contiki-avr-atmega128rfa1.a(uip-packetqueue)
 .data.tcpip_process
                0x000000000080026e        0xa contiki-avr-atmega128rfa1.a(tcpip.o)
                0x000000000080026e                tcpip_process
 .data.rpl_parents
                0x0000000000800278        0x2 contiki-avr-atmega128rfa1.a(rpl-dag.o)
                0x0000000000800278                rpl_parents
 .data.rpl_parents_struct
                0x000000000080027a        0x8 contiki-avr-atmega128rfa1.a(rpl-dag.o)
 .data.rpl_mrhof
                0x0000000000800282       0x12 contiki-avr-atmega128rfa1.a(rpl-mrhof.o)
                0x0000000000800282                rpl_mrhof
 .data.dao_ack_handler
                0x0000000000800294        0x6 contiki-avr-atmega128rfa1.a(rpl-icmp6.o)
 .data.dao_handler
                0x000000000080029a        0x6 contiki-avr-atmega128rfa1.a(rpl-icmp6.o)
 .data.dio_handler
                0x00000000008002a0        0x6 contiki-avr-atmega128rfa1.a(rpl-icmp6.o)
 .data.dis_handler
                0x00000000008002a6        0x6 contiki-avr-atmega128rfa1.a(rpl-icmp6.o)
 .data.dao_sequence
                0x00000000008002ac        0x1 contiki-avr-atmega128rfa1.a(rpl-icmp6.o)
 .data.buframmem
                0x00000000008002ad        0x8 contiki-avr-atmega128rfa1.a(queuebuf.o)
 .data.bufmem   0x00000000008002b5        0x8 contiki-avr-atmega128rfa1.a(queuebuf.o)
 .data.neighbor_addr_mem
                0x00000000008002bd        0x8 contiki-avr-atmega128rfa1.a(nbr-table.o)
 .data.link_stats_struct
                0x00000000008002c5        0x8 contiki-avr-atmega128rfa1.a(link-stats.o)
 .data.echo_reply_handler
                0x00000000008002cd        0x6 contiki-avr-atmega128rfa1.a(uip-icmp6.o)
 .data.echo_request_handler
                0x00000000008002d3        0x6 contiki-avr-atmega128rfa1.a(uip-icmp6.o)
 .data.mac_pan_id
                0x00000000008002d9        0x2 contiki-avr-atmega128rfa1.a(frame802154.o)
 *(.rodata)
 *(.rodata*)
 .rodata.str1.1
                0x00000000008002db       0x82 SerialRelay.co
 .rodata.autostart_processes
                0x000000000080035d        0x4 SerialRelay.co
                0x000000000080035d                autostart_processes
 .rodata.str1.1
                0x0000000000800361       0x1a contiki-avr-atmega128rfa1.a(contiki-main.o)
 .rodata.str1.1
                0x000000000080037b        0xd contiki-avr-atmega128rfa1.a(rf230bb.o)
 .rodata.rf230_driver
                0x0000000000800388       0x1c contiki-avr-atmega128rfa1.a(rf230bb.o)
                0x0000000000800388                rf230_driver
 .rodata.str1.1
                0x00000000008003a4        0xf contiki-avr-atmega128rfa1.a(ctimer.o)
 .rodata.str1.1
                0x00000000008003b3        0xc contiki-avr-atmega128rfa1.a(etimer.o)
 .rodata.str1.1
                0x00000000008003bf        0xb contiki-avr-atmega128rfa1.a(sicslowpan.o)
 .rodata.sicslowpan_driver
                0x00000000008003ca        0x6 contiki-avr-atmega128rfa1.a(sicslowpan.o)
                0x00000000008003ca                sicslowpan_driver
 .rodata.ttl_values
                0x00000000008003d0        0x4 contiki-avr-atmega128rfa1.a(sicslowpan.o)
 .rodata.llprefix
                0x00000000008003d4        0x2 contiki-avr-atmega128rfa1.a(sicslowpan.o)
                0x00000000008003d4                llprefix
 .rodata.unc_mxconf
                0x00000000008003d6        0x4 contiki-avr-atmega128rfa1.a(sicslowpan.o)
                0x00000000008003d6                unc_mxconf
 .rodata.unc_ctxconf
                0x00000000008003da        0x4 contiki-avr-atmega128rfa1.a(sicslowpan.o)
                0x00000000008003da                unc_ctxconf
 .rodata.unc_llconf
                0x00000000008003de        0x4 contiki-avr-atmega128rfa1.a(sicslowpan.o)
                0x00000000008003de                unc_llconf
 .rodata.str1.1
                0x00000000008003e2        0xd contiki-avr-atmega128rfa1.a(tcpip.o)
 .rodata.str1.1
                0x00000000008003ef        0x8 contiki-avr-atmega128rfa1.a(nullmac.o)
 .rodata.nullmac_driver
                0x00000000008003f7        0xe contiki-avr-atmega128rfa1.a(nullmac.o)
                0x00000000008003f7                nullmac_driver
 .rodata.framer_802154
                0x0000000000800405        0x6 contiki-avr-atmega128rfa1.a(framer-802154.o)
                0x0000000000800405                framer_802154
 .rodata.linkaddr_null
                0x000000000080040b        0x8 contiki-avr-atmega128rfa1.a(linkaddr.o)
                0x000000000080040b                linkaddr_null
 .rodata.str1.1
                0x0000000000800413        0xb contiki-avr-atmega128rfa1.a(sicslowmac.o)
 .rodata.sicslowmac_driver
                0x000000000080041e       0x10 contiki-avr-atmega128rfa1.a(sicslowmac.o)
                0x000000000080041e                sicslowmac_driver
 .rodata.str1.1
                0x000000000080042e        0x8 contiki-avr-atmega128rfa1.a(nullsec.o)
 .rodata.nullsec_driver
                0x0000000000800436        0x8 contiki-avr-atmega128rfa1.a(nullsec.o)
                0x0000000000800436                nullsec_driver
 *(.gnu.linkonce.d*)
                0x000000000080043e                . = ALIGN (0x2)
                0x000000000080043e                _edata = .
                0x000000000080043e                PROVIDE (__data_end, .)

.bss            0x000000000080043e     0x2bf7
                0x000000000080043e                PROVIDE (__bss_start, .)
 *(.bss)
 .bss           0x000000000080043e        0x8 libs/lserial.a(serial.o)
 *(.bss*)
 .bss.rcount    0x0000000000800446        0x1 contiki-avr-atmega128rfa1.a(clock.o)
 .bss.count     0x0000000000800447        0x4 contiki-avr-atmega128rfa1.a(clock.o)
 .bss.stdout_rs232_port
                0x000000000080044b        0x1 contiki-avr-atmega128rfa1.a(rs232.o)
 .bss.buffer    0x000000000080044c       0x81 contiki-avr-atmega128rfa1.a(rf230bb.o)
 .bss.channel   0x00000000008004cd        0x1 contiki-avr-atmega128rfa1.a(rf230bb.o)
 .bss.is_promiscuous
                0x00000000008004ce        0x1 contiki-avr-atmega128rfa1.a(rf230bb.o)
 .bss.initialized
                0x00000000008004cf        0x1 contiki-avr-atmega128rfa1.a(ctimer.o)
 .bss.ctimer_list_list
                0x00000000008004d0        0x2 contiki-avr-atmega128rfa1.a(ctimer.o)
 .bss.next_expiration
                0x00000000008004d2        0x4 contiki-avr-atmega128rfa1.a(etimer.o)
 .bss.timerlist
                0x00000000008004d6        0x2 contiki-avr-atmega128rfa1.a(etimer.o)
 .bss.poll_requested
                0x00000000008004d8        0x1 contiki-avr-atmega128rfa1.a(process.o)
 .bss.events    0x00000000008004d9       0xa0 contiki-avr-atmega128rfa1.a(process.o)
 .bss.fevent    0x0000000000800579        0x1 contiki-avr-atmega128rfa1.a(process.o)
 .bss.nevents   0x000000000080057a        0x1 contiki-avr-atmega128rfa1.a(process.o)
 .bss.lastevent
                0x000000000080057b        0x1 contiki-avr-atmega128rfa1.a(process.o)
 .bss.process_current
                0x000000000080057c        0x2 contiki-avr-atmega128rfa1.a(process.o)
                0x000000000080057c                process_current
 .bss.process_list
                0x000000000080057e        0x2 contiki-avr-atmega128rfa1.a(process.o)
                0x000000000080057e                process_list
 .bss.next_rtimer
                0x0000000000800580        0x2 contiki-avr-atmega128rfa1.a(rtimer.o)
 .bss.locprefix
                0x0000000000800582        0x2 contiki-avr-atmega128rfa1.a(uip-ds6.o)
 .bss.locmaddr  0x0000000000800584        0x2 contiki-avr-atmega128rfa1.a(uip-ds6.o)
 .bss.locaddr   0x0000000000800586        0x2 contiki-avr-atmega128rfa1.a(uip-ds6.o)
 .bss.loc_fipaddr
                0x0000000000800588       0x10 contiki-avr-atmega128rfa1.a(uip-ds6.o)
 .bss.notificationlist_list
                0x0000000000800598        0x2 contiki-avr-atmega128rfa1.a(uip-ds6-route.o)
 .bss.defaultroutermemb_memb_mem
                0x000000000080059a       0x36 contiki-avr-atmega128rfa1.a(uip-ds6-route.o)
 .bss.defaultroutermemb_memb_count
                0x00000000008005d0        0x2 contiki-avr-atmega128rfa1.a(uip-ds6-route.o)
 .bss.defaultrouterlist_list
                0x00000000008005d2        0x2 contiki-avr-atmega128rfa1.a(uip-ds6-route.o)
 .bss.num_routes
                0x00000000008005d4        0x2 contiki-avr-atmega128rfa1.a(uip-ds6-route.o)
 .bss.routememb_memb_mem
                0x00000000008005d6      0x258 contiki-avr-atmega128rfa1.a(uip-ds6-route.o)
 .bss.routememb_memb_count
                0x000000000080082e       0x14 contiki-avr-atmega128rfa1.a(uip-ds6-route.o)
 .bss.routelist_list
                0x0000000000800842        0x2 contiki-avr-atmega128rfa1.a(uip-ds6-route.o)
 .bss.neighborroutememb_memb_mem
                0x0000000000800844       0x50 contiki-avr-atmega128rfa1.a(uip-ds6-route.o)
 .bss.neighborroutememb_memb_count
                0x0000000000800894       0x14 contiki-avr-atmega128rfa1.a(uip-ds6-route.o)
 .bss._nbr_routes_mem
                0x00000000008008a8       0x50 contiki-avr-atmega128rfa1.a(uip-ds6-route.o)
 .bss.iss       0x00000000008008f8        0x4 contiki-avr-atmega128rfa1.a(uip6.o)
 .bss.lastport  0x00000000008008fc        0x2 contiki-avr-atmega128rfa1.a(uip6.o)
 .bss.uip_ext_opt_offset
                0x00000000008008fe        0x1 contiki-avr-atmega128rfa1.a(uip6.o)
                0x00000000008008fe                uip_ext_opt_offset
 .bss.uip_ext_len
                0x00000000008008ff        0x1 contiki-avr-atmega128rfa1.a(uip6.o)
                0x00000000008008ff                uip_ext_len
 .bss.uip_ext_bitmap
                0x0000000000800900        0x1 contiki-avr-atmega128rfa1.a(uip6.o)
                0x0000000000800900                uip_ext_bitmap
 .bss._ds6_neighbors_mem
                0x0000000000800901      0x190 contiki-avr-atmega128rfa1.a(uip-ds6-nbr.o)
 .bss.hc06_ptr  0x0000000000800a91        0x2 contiki-avr-atmega128rfa1.a(sicslowpan.o)
 .bss.context   0x0000000000800a93        0x2 contiki-avr-atmega128rfa1.a(sicslowpan.o)
 .bss.addr_contexts
                0x0000000000800a95        0xa contiki-avr-atmega128rfa1.a(sicslowpan.o)
 .bss.callback  0x0000000000800a9f        0x2 contiki-avr-atmega128rfa1.a(sicslowpan.o)
 .bss.frag_buf  0x0000000000800aa1      0x54c contiki-avr-atmega128rfa1.a(sicslowpan.o)
 .bss.frag_info
                0x0000000000800fed      0x168 contiki-avr-atmega128rfa1.a(sicslowpan.o)
 .bss.my_tag    0x0000000000801155        0x2 contiki-avr-atmega128rfa1.a(sicslowpan.o)
 .bss.last_rssi
                0x0000000000801157        0x2 contiki-avr-atmega128rfa1.a(sicslowpan.o)
 .bss.last_tx_status
                0x0000000000801159        0x2 contiki-avr-atmega128rfa1.a(sicslowpan.o)
 .bss.uncomp_hdr_len
                0x000000000080115b        0x1 contiki-avr-atmega128rfa1.a(sicslowpan.o)
 .bss.packetbuf_payload_len
                0x000000000080115c        0x2 contiki-avr-atmega128rfa1.a(sicslowpan.o)
 .bss.packetbuf_hdr_len
                0x000000000080115e        0x1 contiki-avr-atmega128rfa1.a(sicslowpan.o)
 .bss.packetbuf_ptr
                0x000000000080115f        0x2 contiki-avr-atmega128rfa1.a(sicslowpan.o)
 .bss.packets_memb_memb_mem
                0x0000000000801161      0xa34 contiki-avr-atmega128rfa1.a(uip-packetqueue)
 .bss.packets_memb_memb_count
                0x0000000000801b95        0x2 contiki-avr-atmega128rfa1.a(uip-packetqueue)
 .bss.outputfunc
                0x0000000000801b97        0x2 contiki-avr-atmega128rfa1.a(tcpip.o)
 .bss.s         0x0000000000801b99       0x12 contiki-avr-atmega128rfa1.a(tcpip.o)
 .bss.periodic  0x0000000000801bab        0xc contiki-avr-atmega128rfa1.a(tcpip.o)
 .bss._rpl_parents_mem
                0x0000000000801bb7       0x78 contiki-avr-atmega128rfa1.a(rpl-dag.o)
 .bss.dio_send_ok
                0x0000000000801c2f        0x1 contiki-avr-atmega128rfa1.a(rpl-timers.o)
 .bss.next_dis  0x0000000000801c30        0x2 contiki-avr-atmega128rfa1.a(rpl-timers.o)
 .bss.periodic_timer
                0x0000000000801c32       0x14 contiki-avr-atmega128rfa1.a(rpl-timers.o)
 .bss.mode      0x0000000000801c46        0x2 contiki-avr-atmega128rfa1.a(rpl.o)
 .bss.initialized
                0x0000000000801c48        0x1 contiki-avr-atmega128rfa1.a(framer-802154.o)
 .bss.mac_dsn   0x0000000000801c49        0x1 contiki-avr-atmega128rfa1.a(framer-802154.o)
 .bss.buframmem_memb_mem
                0x0000000000801c4a      0x580 contiki-avr-atmega128rfa1.a(queuebuf.o)
 .bss.buframmem_memb_count
                0x00000000008021ca        0x8 contiki-avr-atmega128rfa1.a(queuebuf.o)
 .bss.bufmem_memb_mem
                0x00000000008021d2       0x10 contiki-avr-atmega128rfa1.a(queuebuf.o)
 .bss.bufmem_memb_count
                0x00000000008021e2        0x8 contiki-avr-atmega128rfa1.a(queuebuf.o)
 .bss.nbr_table_keys_list